Archive member included to satisfy reference by file (symbol)

C:/ST/STM32CubeIDE_1.19.0/STM32CubeIDE/plugins/com.st.stm32cube.ide.mcu.externaltools.gnu-tools-for-stm32.13.3.rel1.win32_1.0.0.202411081344/tools/bin/../lib/gcc/arm-none-eabi/13.3.1/../../../../arm-none-eabi/lib/thumb/v7e-m+dp/hard\libc_nano.a(libc_a-abort.o)
                              ./mongoose/mongoose.o (abort)
C:/ST/STM32CubeIDE_1.19.0/STM32CubeIDE/plugins/com.st.stm32cube.ide.mcu.externaltools.gnu-tools-for-stm32.13.3.rel1.win32_1.0.0.202411081344/tools/bin/../lib/gcc/arm-none-eabi/13.3.1/../../../../arm-none-eabi/lib/thumb/v7e-m+dp/hard\libc_nano.a(libc_a-assert.o)
                              ./mongoose/mongoose.o (__assert_func)
C:/ST/STM32CubeIDE_1.19.0/STM32CubeIDE/plugins/com.st.stm32cube.ide.mcu.externaltools.gnu-tools-for-stm32.13.3.rel1.win32_1.0.0.202411081344/tools/bin/../lib/gcc/arm-none-eabi/13.3.1/../../../../arm-none-eabi/lib/thumb/v7e-m+dp/hard\libc_nano.a(libc_a-atoi.o)
                              ./mongoose/mongoose.o (atoi)
C:/ST/STM32CubeIDE_1.19.0/STM32CubeIDE/plugins/com.st.stm32cube.ide.mcu.externaltools.gnu-tools-for-stm32.13.3.rel1.win32_1.0.0.202411081344/tools/bin/../lib/gcc/arm-none-eabi/13.3.1/../../../../arm-none-eabi/lib/thumb/v7e-m+dp/hard\libc_nano.a(libc_a-calloc.o)
                              ./mongoose/mongoose.o (calloc)
C:/ST/STM32CubeIDE_1.19.0/STM32CubeIDE/plugins/com.st.stm32cube.ide.mcu.externaltools.gnu-tools-for-stm32.13.3.rel1.win32_1.0.0.202411081344/tools/bin/../lib/gcc/arm-none-eabi/13.3.1/../../../../arm-none-eabi/lib/thumb/v7e-m+dp/hard\libc_nano.a(libc_a-callocr.o)
                              C:/ST/STM32CubeIDE_1.19.0/STM32CubeIDE/plugins/com.st.stm32cube.ide.mcu.externaltools.gnu-tools-for-stm32.13.3.rel1.win32_1.0.0.202411081344/tools/bin/../lib/gcc/arm-none-eabi/13.3.1/../../../../arm-none-eabi/lib/thumb/v7e-m+dp/hard\libc_nano.a(libc_a-calloc.o) (_calloc_r)
C:/ST/STM32CubeIDE_1.19.0/STM32CubeIDE/plugins/com.st.stm32cube.ide.mcu.externaltools.gnu-tools-for-stm32.13.3.rel1.win32_1.0.0.202411081344/tools/bin/../lib/gcc/arm-none-eabi/13.3.1/../../../../arm-none-eabi/lib/thumb/v7e-m+dp/hard\libc_nano.a(libc_a-exit.o)
                              C:/ST/STM32CubeIDE_1.19.0/STM32CubeIDE/plugins/com.st.stm32cube.ide.mcu.externaltools.gnu-tools-for-stm32.13.3.rel1.win32_1.0.0.202411081344/tools/bin/../lib/gcc/arm-none-eabi/13.3.1/../../../../arm-none-eabi/lib/thumb/v7e-m+dp/hard/crt0.o (exit)
C:/ST/STM32CubeIDE_1.19.0/STM32CubeIDE/plugins/com.st.stm32cube.ide.mcu.externaltools.gnu-tools-for-stm32.13.3.rel1.win32_1.0.0.202411081344/tools/bin/../lib/gcc/arm-none-eabi/13.3.1/../../../../arm-none-eabi/lib/thumb/v7e-m+dp/hard\libc_nano.a(libc_a-malloc.o)
                              ./mongoose/mongoose.o (free)
C:/ST/STM32CubeIDE_1.19.0/STM32CubeIDE/plugins/com.st.stm32cube.ide.mcu.externaltools.gnu-tools-for-stm32.13.3.rel1.win32_1.0.0.202411081344/tools/bin/../lib/gcc/arm-none-eabi/13.3.1/../../../../arm-none-eabi/lib/thumb/v7e-m+dp/hard\libc_nano.a(libc_a-mallocr.o)
                              C:/ST/STM32CubeIDE_1.19.0/STM32CubeIDE/plugins/com.st.stm32cube.ide.mcu.externaltools.gnu-tools-for-stm32.13.3.rel1.win32_1.0.0.202411081344/tools/bin/../lib/gcc/arm-none-eabi/13.3.1/../../../../arm-none-eabi/lib/thumb/v7e-m+dp/hard\libc_nano.a(libc_a-callocr.o) (_malloc_r)
C:/ST/STM32CubeIDE_1.19.0/STM32CubeIDE/plugins/com.st.stm32cube.ide.mcu.externaltools.gnu-tools-for-stm32.13.3.rel1.win32_1.0.0.202411081344/tools/bin/../lib/gcc/arm-none-eabi/13.3.1/../../../../arm-none-eabi/lib/thumb/v7e-m+dp/hard\libc_nano.a(libc_a-mlock.o)
                              C:/ST/STM32CubeIDE_1.19.0/STM32CubeIDE/plugins/com.st.stm32cube.ide.mcu.externaltools.gnu-tools-for-stm32.13.3.rel1.win32_1.0.0.202411081344/tools/bin/../lib/gcc/arm-none-eabi/13.3.1/../../../../arm-none-eabi/lib/thumb/v7e-m+dp/hard\libc_nano.a(libc_a-mallocr.o) (__malloc_lock)
C:/ST/STM32CubeIDE_1.19.0/STM32CubeIDE/plugins/com.st.stm32cube.ide.mcu.externaltools.gnu-tools-for-stm32.13.3.rel1.win32_1.0.0.202411081344/tools/bin/../lib/gcc/arm-none-eabi/13.3.1/../../../../arm-none-eabi/lib/thumb/v7e-m+dp/hard\libc_nano.a(libc_a-rand.o)
                              ./mongoose/mongoose.o (srand)
C:/ST/STM32CubeIDE_1.19.0/STM32CubeIDE/plugins/com.st.stm32cube.ide.mcu.externaltools.gnu-tools-for-stm32.13.3.rel1.win32_1.0.0.202411081344/tools/bin/../lib/gcc/arm-none-eabi/13.3.1/../../../../arm-none-eabi/lib/thumb/v7e-m+dp/hard\libc_nano.a(libc_a-strtol.o)
                              C:/ST/STM32CubeIDE_1.19.0/STM32CubeIDE/plugins/com.st.stm32cube.ide.mcu.externaltools.gnu-tools-for-stm32.13.3.rel1.win32_1.0.0.202411081344/tools/bin/../lib/gcc/arm-none-eabi/13.3.1/../../../../arm-none-eabi/lib/thumb/v7e-m+dp/hard\libc_nano.a(libc_a-atoi.o) (_strtol_r)
[...]
Memory Configuration

Name             Origin             Length             Attributes
RAM              0x20000000         0x00080000         xrw
FLASH            0x08000000         0x00200000         xr
*default*        0x00000000         0xffffffff

Linker script and memory map

LOAD C:/ST/STM32CubeIDE_1.19.0/STM32CubeIDE/plugins/com.st.stm32cube.ide.mcu.externaltools.gnu-tools-for-stm32.13.3.rel1.win32_1.0.0.202411081344/tools/bin/../lib/gcc/arm-none-eabi/13.3.1/thumb/v7e-m+dp/hard/crti.o
LOAD C:/ST/STM32CubeIDE_1.19.0/STM32CubeIDE/plugins/com.st.stm32cube.ide.mcu.externaltools.gnu-tools-for-stm32.13.3.rel1.win32_1.0.0.202411081344/tools/bin/../lib/gcc/arm-none-eabi/13.3.1/thumb/v7e-m+dp/hard/crtbegin.o
LOAD C:/ST/STM32CubeIDE_1.19.0/STM32CubeIDE/plugins/com.st.stm32cube.ide.mcu.externaltools.gnu-tools-for-stm32.13.3.rel1.win32_1.0.0.202411081344/tools/bin/../lib/gcc/arm-none-eabi/13.3.1/../../../../arm-none-eabi/lib/thumb/v7e-m+dp/hard/crt0.o
LOAD ./Core/Src/main.o
LOAD ./Core/Src/stm32f7xx_hal_msp.o
LOAD ./Core/Src/stm32f7xx_it.o
LOAD ./Core/Src/syscalls.o
LOAD ./Core/Src/sysmem.o
LOAD ./Core/Src/system_stm32f7xx.o
LOAD ./Core/Startup/startup_stm32f767zitx.o
LOAD ./Drivers/STM32F7xx_HAL_Driver/Src/stm32f7xx_hal.o
LOAD ./Drivers/STM32F7xx_HAL_Driver/Src/stm32f7xx_hal_cortex.o
LOAD ./Drivers/STM32F7xx_HAL_Driver/Src/stm32f7xx_hal_dma.o
LOAD ./Drivers/STM32F7xx_HAL_Driver/Src/stm32f7xx_hal_dma_ex.o
LOAD ./Drivers/STM32F7xx_HAL_Driver/Src/stm32f7xx_hal_eth.o
LOAD ./Drivers/STM32F7xx_HAL_Driver/Src/stm32f7xx_hal_exti.o
LOAD ./Drivers/STM32F7xx_HAL_Driver/Src/stm32f7xx_hal_flash.o
LOAD ./Drivers/STM32F7xx_HAL_Driver/Src/stm32f7xx_hal_flash_ex.o
LOAD ./Drivers/STM32F7xx_HAL_Driver/Src/stm32f7xx_hal_gpio.o
LOAD ./Drivers/STM32F7xx_HAL_Driver/Src/stm32f7xx_hal_i2c.o
LOAD ./Drivers/STM32F7xx_HAL_Driver/Src/stm32f7xx_hal_i2c_ex.o
LOAD ./Drivers/STM32F7xx_HAL_Driver/Src/stm32f7xx_hal_pwr.o
LOAD ./Drivers/STM32F7xx_HAL_Driver/Src/stm32f7xx_hal_pwr_ex.o
LOAD ./Drivers/STM32F7xx_HAL_Driver/Src/stm32f7xx_hal_rcc.o
LOAD ./Drivers/STM32F7xx_HAL_Driver/Src/stm32f7xx_hal_rcc_ex.o
LOAD ./Drivers/STM32F7xx_HAL_Driver/Src/stm32f7xx_hal_rng.o
LOAD ./Drivers/STM32F7xx_HAL_Driver/Src/stm32f7xx_hal_tim.o
LOAD ./Drivers/STM32F7xx_HAL_Driver/Src/stm32f7xx_hal_tim_ex.o
LOAD ./Drivers/STM32F7xx_HAL_Driver/Src/stm32f7xx_hal_uart.o
LOAD ./Drivers/STM32F7xx_HAL_Driver/Src/stm32f7xx_hal_uart_ex.o
LOAD ./mongoose/mongoose.o
LOAD ./mongoose/mongoose_fs.o
LOAD ./mongoose/mongoose_glue.o
LOAD ./mongoose/mongoose_impl.o
START GROUP
LOAD C:/ST/STM32CubeIDE_1.19.0/STM32CubeIDE/plugins/com.st.stm32cube.ide.mcu.externaltools.gnu-tools-for-stm32.13.3.rel1.win32_1.0.0.202411081344/tools/bin/../lib/gcc/arm-none-eabi/13.3.1/../../../../arm-none-eabi/lib/thumb/v7e-m+dp/hard\libc_nano.a
LOAD C:/ST/STM32CubeIDE_1.19.0/STM32CubeIDE/plugins/com.st.stm32cube.ide.mcu.externaltools.gnu-tools-for-stm32.13.3.rel1.win32_1.0.0.202411081344/tools/bin/../lib/gcc/arm-none-eabi/13.3.1/../../../../arm-none-eabi/lib/thumb/v7e-m+dp/hard\libm.a
END GROUP
START GROUP
LOAD C:/ST/STM32CubeIDE_1.19.0/STM32CubeIDE/plugins/com.st.stm32cube.ide.mcu.externaltools.gnu-tools-for-stm32.13.3.rel1.win32_1.0.0.202411081344/tools/bin/../lib/gcc/arm-none-eabi/13.3.1/thumb/v7e-m+dp/hard\libgcc.a
LOAD C:/ST/STM32CubeIDE_1.19.0/STM32CubeIDE/plugins/com.st.stm32cube.ide.mcu.externaltools.gnu-tools-for-stm32.13.3.rel1.win32_1.0.0.202411081344/tools/bin/../lib/gcc/arm-none-eabi/13.3.1/../../../../arm-none-eabi/lib/thumb/v7e-m+dp/hard\libc_nano.a
END GROUP
START GROUP
LOAD C:/ST/STM32CubeIDE_1.19.0/STM32CubeIDE/plugins/com.st.stm32cube.ide.mcu.externaltools.gnu-tools-for-stm32.13.3.rel1.win32_1.0.0.202411081344/tools/bin/../lib/gcc/arm-none-eabi/13.3.1/thumb/v7e-m+dp/hard\libgcc.a
LOAD C:/ST/STM32CubeIDE_1.19.0/STM32CubeIDE/plugins/com.st.stm32cube.ide.mcu.externaltools.gnu-tools-for-stm32.13.3.rel1.win32_1.0.0.202411081344/tools/bin/../lib/gcc/arm-none-eabi/13.3.1/../../../../arm-none-eabi/lib/thumb/v7e-m+dp/hard\libc_nano.a
LOAD C:/ST/STM32CubeIDE_1.19.0/STM32CubeIDE/plugins/com.st.stm32cube.ide.mcu.externaltools.gnu-tools-for-stm32.13.3.rel1.win32_1.0.0.202411081344/tools/bin/../lib/gcc/arm-none-eabi/13.3.1/../../../../arm-none-eabi/lib/thumb/v7e-m+dp/hard\libnosys.a
END GROUP
START GROUP
LOAD C:/ST/STM32CubeIDE_1.19.0/STM32CubeIDE/plugins/com.st.stm32cube.ide.mcu.externaltools.gnu-tools-for-stm32.13.3.rel1.win32_1.0.0.202411081344/tools/bin/../lib/gcc/arm-none-eabi/13.3.1/thumb/v7e-m+dp/hard\libgcc.a
LOAD C:/ST/STM32CubeIDE_1.19.0/STM32CubeIDE/plugins/com.st.stm32cube.ide.mcu.externaltools.gnu-tools-for-stm32.13.3.rel1.win32_1.0.0.202411081344/tools/bin/../lib/gcc/arm-none-eabi/13.3.1/../../../../arm-none-eabi/lib/thumb/v7e-m+dp/hard\libc_nano.a
LOAD C:/ST/STM32CubeIDE_1.19.0/STM32CubeIDE/plugins/com.st.stm32cube.ide.mcu.externaltools.gnu-tools-for-stm32.13.3.rel1.win32_1.0.0.202411081344/tools/bin/../lib/gcc/arm-none-eabi/13.3.1/../../../../arm-none-eabi/lib/thumb/v7e-m+dp/hard\libnosys.a
END GROUP
LOAD C:/ST/STM32CubeIDE_1.19.0/STM32CubeIDE/plugins/com.st.stm32cube.ide.mcu.externaltools.gnu-tools-for-stm32.13.3.rel1.win32_1.0.0.202411081344/tools/bin/../lib/gcc/arm-none-eabi/13.3.1/thumb/v7e-m+dp/hard/crtend.o
LOAD C:/ST/STM32CubeIDE_1.19.0/STM32CubeIDE/plugins/com.st.stm32cube.ide.mcu.externaltools.gnu-tools-for-stm32.13.3.rel1.win32_1.0.0.202411081344/tools/bin/../lib/gcc/arm-none-eabi/13.3.1/thumb/v7e-m+dp/hard/crtn.o
                0x20080000                        _estack = (ORIGIN (RAM) + LENGTH (RAM))
                0x00000200                        _Min_Heap_Size = 0x200
                0x00000400                        _Min_Stack_Size = 0x400

.isr_vector     0x08000000      0x1f8
                0x08000000                        . = ALIGN (0x4)
 *(.isr_vector)
 .isr_vector    0x08000000      0x1f8 ./Core/Startup/startup_stm32f767zitx.o
                0x08000000                g_pfnVectors
                0x080001f8                        . = ALIGN (0x4)

.text           0x08000200    0x23180
                0x08000200                        . = ALIGN (0x4)
 *(.text)
 .text          0x08000200       0x40 C:/ST/STM32CubeIDE_1.19.0/STM32CubeIDE/plugins/com.st.stm32cube.ide.mcu.externaltools.gnu-tools-for-stm32.13.3.rel1.win32_1.0.0.202411081344/tools/bin/../lib/gcc/arm-none-eabi/13.3.1/thumb/v7e-m+dp/hard/crtbegin.o
 .text          0x08000240       0x14 C:/ST/STM32CubeIDE_1.19.0/STM32CubeIDE/plugins/com.st.stm32cube.ide.mcu.externaltools.gnu-tools-for-stm32.13.3.rel1.win32_1.0.0.202411081344/tools/bin/../lib/gcc/arm-none-eabi/13.3.1/../../../../arm-none-eabi/lib/thumb/v7e-m+dp/hard\libc_nano.a(libc_a-strcmp.o)
                0x08000240                strcmp
 *fill*         0x08000254        0xc 
 .text          0x08000260       0xa0 C:/ST/STM32CubeIDE_1.19.0/STM32CubeIDE/plugins/com.st.stm32cube.ide.mcu.externaltools.gnu-tools-for-stm32.13.3.rel1.win32_1.0.0.202411081344/tools/bin/../lib/gcc/arm-none-eabi/13.3.1/../../../../arm-none-eabi/lib/thumb/v7e-m+dp/hard\libc_nano.a(libc_a-memchr.o)
                0x08000260                memchr
 .text          0x08000300       0x10 C:/ST/STM32CubeIDE_1.19.0/STM32CubeIDE/plugins/com.st.stm32cube.ide.mcu.externaltools.gnu-tools-for-stm32.13.3.rel1.win32_1.0.0.202411081344/tools/bin/../lib/gcc/arm-none-eabi/13.3.1/../../../../arm-none-eabi/lib/thumb/v7e-m+dp/hard\libc_nano.a(libc_a-strlen.o)
                0x08000300                strlen
 .text          0x08000310       0x30 C:/ST/STM32CubeIDE_1.19.0/STM32CubeIDE/plugins/com.st.stm32cube.ide.mcu.externaltools.gnu-tools-for-stm32.13.3.rel1.win32_1.0.0.202411081344/tools/bin/../lib/gcc/arm-none-eabi/13.3.1/thumb/v7e-m+dp/hard\libgcc.a(_aeabi_uldivmod.o)
                0x08000310                __aeabi_uldivmod
 .text          0x08000340      0x2f8 C:/ST/STM32CubeIDE_1.19.0/STM32CubeIDE/plugins/com.st.stm32cube.ide.mcu.externaltools.gnu-tools-for-stm32.13.3.rel1.win32_1.0.0.202411081344/tools/bin/../lib/gcc/arm-none-eabi/13.3.1/thumb/v7e-m+dp/hard\libgcc.a(_udivmoddi4.o)
                0x08000340                __udivmoddi4
 .text          0x08000638        0x4 C:/ST/STM32CubeIDE_1.19.0/STM32CubeIDE/plugins/com.st.stm32cube.ide.mcu.externaltools.gnu-tools-for-stm32.13.3.rel1.win32_1.0.0.202411081344/tools/bin/../lib/gcc/arm-none-eabi/13.3.1/thumb/v7e-m+dp/hard\libgcc.a(_dvmd_tls.o)
                0x08000638                __aeabi_idiv0
                0x08000638                __aeabi_ldiv0
 *(.text*)
 .text.mg_random
                0x0800063c       0x5c ./Core/Src/main.o
                0x0800063c                mg_random
 .text._write   0x08000698       0x38 ./Core/Src/main.o
                0x08000698                _write
 .text.mg_millis
                0x080006d0       0x1a ./Core/Src/main.o
                0x080006d0                mg_millis
 .text.main     0x080006ea       0x26 ./Core/Src/main.o
                0x080006ea                main
 .text.SystemClock_Config
                0x08000710       0xdc ./Core/Src/main.o
                0x08000710                SystemClock_Config
 .text.MX_ETH_Init
                0x080007ec       0x9c ./Core/Src/main.o
 .text.MX_RNG_Init
                0x08000888       0x28 ./Core/Src/main.o
 .text.MX_USART3_UART_Init
                0x080008b0       0x60 ./Core/Src/main.o
 .text.MX_GPIO_Init
                0x08000910       0xc8 ./Core/Src/main.o
 .text.Error_Handler
                0x080009d8        0xc ./Core/Src/main.o
                0x080009d8                Error_Handler
 .text.HAL_MspInit
                0x080009e4       0x48 ./Core/Src/stm32f7xx_hal_msp.o
                0x080009e4                HAL_MspInit
 .text.HAL_ETH_MspInit
                0x08000a2c      0x180 ./Core/Src/stm32f7xx_hal_msp.o
                0x08000a2c                HAL_ETH_MspInit
 .text.HAL_RNG_MspInit
                0x08000bac       0x68 ./Core/Src/stm32f7xx_hal_msp.o
                0x08000bac                HAL_RNG_MspInit
 .text.HAL_UART_MspInit
                0x08000c14       0xc0 ./Core/Src/stm32f7xx_hal_msp.o
                0x08000c14                HAL_UART_MspInit
 .text.NMI_Handler
                0x08000cd4        0x8 ./Core/Src/stm32f7xx_it.o
                0x08000cd4                NMI_Handler
 .text.HardFault_Handler
                0x08000cdc        0x8 ./Core/Src/stm32f7xx_it.o
                0x08000cdc                HardFault_Handler
 .text.MemManage_Handler
                0x08000ce4        0x8 ./Core/Src/stm32f7xx_it.o
                0x08000ce4                MemManage_Handler
 .text.BusFault_Handler
                0x08000cec        0x8 ./Core/Src/stm32f7xx_it.o
                0x08000cec                BusFault_Handler
 .text.UsageFault_Handler
                0x08000cf4        0x8 ./Core/Src/stm32f7xx_it.o
                0x08000cf4                UsageFault_Handler
 .text.SVC_Handler
                0x08000cfc        0xe ./Core/Src/stm32f7xx_it.o
                0x08000cfc                SVC_Handler
 .text.DebugMon_Handler
                0x08000d0a        0xe ./Core/Src/stm32f7xx_it.o
                0x08000d0a                DebugMon_Handler
 .text.PendSV_Handler
                0x08000d18        0xe ./Core/Src/stm32f7xx_it.o
                0x08000d18                PendSV_Handler
 .text.SysTick_Handler
                0x08000d26        0xc ./Core/Src/stm32f7xx_it.o
                0x08000d26                SysTick_Handler
 .text._getpid  0x08000d32       0x10 ./Core/Src/syscalls.o
                0x08000d32                _getpid
 .text._kill    0x08000d42       0x20 ./Core/Src/syscalls.o
                0x08000d42                _kill
 .text._exit    0x08000d62       0x16 ./Core/Src/syscalls.o
                0x08000d62                _exit
 .text._read    0x08000d78       0x3a ./Core/Src/syscalls.o
                0x08000d78                _read
 .text._close   0x08000db2       0x18 ./Core/Src/syscalls.o
                0x08000db2                _close
 .text._fstat   0x08000dca       0x20 ./Core/Src/syscalls.o
                0x08000dca                _fstat
 .text._isatty  0x08000dea       0x16 ./Core/Src/syscalls.o
                0x08000dea                _isatty
 .text._lseek   0x08000e00       0x1a ./Core/Src/syscalls.o
                0x08000e00                _lseek
 *fill*         0x08000e1a        0x2 
 .text._sbrk    0x08000e1c       0x6c ./Core/Src/sysmem.o
                0x08000e1c                _sbrk
 .text.SystemInit
                0x08000e88       0x24 ./Core/Src/system_stm32f7xx.o
                0x08000e88                SystemInit
 .text.Reset_Handler
                0x08000eac       0x50 ./Core/Startup/startup_stm32f767zitx.o
                0x08000eac                Reset_Handler
 .text.Default_Handler
                0x08000efc        0x2 ./Core/Startup/startup_stm32f767zitx.o
                0x08000efc                RTC_Alarm_IRQHandler
                0x08000efc                EXTI2_IRQHandler
                0x08000efc                TIM8_CC_IRQHandler
                0x08000efc                UART8_IRQHandler
                0x08000efc                SPI4_IRQHandler
                0x08000efc                TIM1_CC_IRQHandler
                0x08000efc                DMA2_Stream5_IRQHandler
                0x08000efc                JPEG_IRQHandler
                0x08000efc                DMA1_Stream5_IRQHandler
                0x08000efc                CAN3_RX1_IRQHandler
                0x08000efc                PVD_IRQHandler
                0x08000efc                TAMP_STAMP_IRQHandler
                0x08000efc                CAN2_RX1_IRQHandler
                0x08000efc                EXTI3_IRQHandler
                0x08000efc                TIM8_TRG_COM_TIM14_IRQHandler
                0x08000efc                DFSDM1_FLT1_IRQHandler
                0x08000efc                TIM1_UP_TIM10_IRQHandler
                0x08000efc                TIM8_UP_TIM13_IRQHandler
                0x08000efc                I2C3_ER_IRQHandler
                0x08000efc                DFSDM1_FLT2_IRQHandler
                0x08000efc                EXTI0_IRQHandler
                0x08000efc                I2C2_EV_IRQHandler
                0x08000efc                DMA1_Stream2_IRQHandler
                0x08000efc                CAN1_RX0_IRQHandler
                0x08000efc                FPU_IRQHandler
                0x08000efc                OTG_HS_WKUP_IRQHandler
                0x08000efc                CAN3_SCE_IRQHandler
                0x08000efc                LTDC_ER_IRQHandler
                0x08000efc                CAN2_SCE_IRQHandler
                0x08000efc                DMA2_Stream2_IRQHandler
                0x08000efc                SPI1_IRQHandler
                0x08000efc                TIM6_DAC_IRQHandler
                0x08000efc                TIM1_BRK_TIM9_IRQHandler
                0x08000efc                DCMI_IRQHandler
                0x08000efc                CAN2_RX0_IRQHandler
                0x08000efc                DMA2_Stream3_IRQHandler
                0x08000efc                SAI2_IRQHandler
                0x08000efc                DFSDM1_FLT3_IRQHandler
                0x08000efc                USART6_IRQHandler
                0x08000efc                CAN3_RX0_IRQHandler
                0x08000efc                USART3_IRQHandler
                0x08000efc                CAN1_RX1_IRQHandler
                0x08000efc                UART5_IRQHandler
                0x08000efc                DMA2_Stream0_IRQHandler
                0x08000efc                TIM4_IRQHandler
                0x08000efc                QUADSPI_IRQHandler
                0x08000efc                I2C1_EV_IRQHandler
                0x08000efc                DMA1_Stream6_IRQHandler
                0x08000efc                DMA1_Stream1_IRQHandler
                0x08000efc                UART4_IRQHandler
                0x08000efc                TIM3_IRQHandler
                0x08000efc                RCC_IRQHandler
                0x08000efc                TIM8_BRK_TIM12_IRQHandler
                0x08000efc                Default_Handler
                0x08000efc                CEC_IRQHandler
                0x08000efc                EXTI15_10_IRQHandler
                0x08000efc                ADC_IRQHandler
                0x08000efc                DMA1_Stream7_IRQHandler
                0x08000efc                SPI5_IRQHandler
                0x08000efc                TIM7_IRQHandler
                0x08000efc                SDMMC1_IRQHandler
                0x08000efc                CAN2_TX_IRQHandler
                0x08000efc                TIM5_IRQHandler
                0x08000efc                DMA2_Stream7_IRQHandler
                0x08000efc                I2C3_EV_IRQHandler
                0x08000efc                EXTI9_5_IRQHandler
                0x08000efc                RTC_WKUP_IRQHandler
                0x08000efc                LTDC_IRQHandler
                0x08000efc                ETH_WKUP_IRQHandler
                0x08000efc                SPDIF_RX_IRQHandler
                0x08000efc                SPI2_IRQHandler
                0x08000efc                OTG_HS_EP1_IN_IRQHandler
                0x08000efc                DMA1_Stream0_IRQHandler
                0x08000efc                CAN1_TX_IRQHandler
                0x08000efc                EXTI4_IRQHandler
                0x08000efc                RNG_IRQHandler
                0x08000efc                OTG_HS_EP1_OUT_IRQHandler
                0x08000efc                WWDG_IRQHandler
                0x08000efc                SPI6_IRQHandler
                0x08000efc                MDIOS_IRQHandler
                0x08000efc                I2C4_EV_IRQHandler
                0x08000efc                CAN3_TX_IRQHandler
                0x08000efc                TIM2_IRQHandler
                0x08000efc                OTG_FS_WKUP_IRQHandler
                0x08000efc                TIM1_TRG_COM_TIM11_IRQHandler
                0x08000efc                OTG_HS_IRQHandler
                0x08000efc                DMA2D_IRQHandler
                0x08000efc                EXTI1_IRQHandler
                0x08000efc                SDMMC2_IRQHandler
                0x08000efc                UART7_IRQHandler
                0x08000efc                USART2_IRQHandler
                0x08000efc                DFSDM1_FLT0_IRQHandler
                0x08000efc                I2C2_ER_IRQHandler
                0x08000efc                DMA2_Stream1_IRQHandler
                0x08000efc                CAN1_SCE_IRQHandler
                0x08000efc                FLASH_IRQHandler
                0x08000efc                DMA2_Stream4_IRQHandler
                0x08000efc                USART1_IRQHandler
                0x08000efc                OTG_FS_IRQHandler
                0x08000efc                SPI3_IRQHandler
                0x08000efc                DMA1_Stream4_IRQHandler
                0x08000efc                I2C1_ER_IRQHandler
                0x08000efc                FMC_IRQHandler
                0x08000efc                LPTIM1_IRQHandler
                0x08000efc                I2C4_ER_IRQHandler
                0x08000efc                DMA2_Stream6_IRQHandler
                0x08000efc                SAI1_IRQHandler
                0x08000efc                DMA1_Stream3_IRQHandler
 .text.HAL_Init
                0x08000efe       0x1a ./Drivers/STM32F7xx_HAL_Driver/Src/stm32f7xx_hal.o
                0x08000efe                HAL_Init
 .text.HAL_InitTick
                0x08000f18       0x60 ./Drivers/STM32F7xx_HAL_Driver/Src/stm32f7xx_hal.o
                0x08000f18                HAL_InitTick
 .text.HAL_IncTick
                0x08000f78       0x28 ./Drivers/STM32F7xx_HAL_Driver/Src/stm32f7xx_hal.o
                0x08000f78                HAL_IncTick
 .text.HAL_GetTick
                0x08000fa0       0x18 ./Drivers/STM32F7xx_HAL_Driver/Src/stm32f7xx_hal.o
                0x08000fa0                HAL_GetTick
 .text.HAL_Delay
                0x08000fb8       0x48 ./Drivers/STM32F7xx_HAL_Driver/Src/stm32f7xx_hal.o
                0x08000fb8                HAL_Delay
 .text.__NVIC_SetPriorityGrouping
                0x08001000       0x48 ./Drivers/STM32F7xx_HAL_Driver/Src/stm32f7xx_hal_cortex.o
 .text.__NVIC_GetPriorityGrouping
                0x08001048       0x1c ./Drivers/STM32F7xx_HAL_Driver/Src/stm32f7xx_hal_cortex.o
 .text.__NVIC_EnableIRQ
                0x08001064       0x3c ./Drivers/STM32F7xx_HAL_Driver/Src/stm32f7xx_hal_cortex.o
 .text.__NVIC_SetPriority
                0x080010a0       0x54 ./Drivers/STM32F7xx_HAL_Driver/Src/stm32f7xx_hal_cortex.o
 .text.NVIC_EncodePriority
                0x080010f4       0x66 ./Drivers/STM32F7xx_HAL_Driver/Src/stm32f7xx_hal_cortex.o
 *fill*         0x0800115a        0x2 
 .text.SysTick_Config
                0x0800115c       0x44 ./Drivers/STM32F7xx_HAL_Driver/Src/stm32f7xx_hal_cortex.o
 .text.HAL_NVIC_SetPriorityGrouping
                0x080011a0       0x16 ./Drivers/STM32F7xx_HAL_Driver/Src/stm32f7xx_hal_cortex.o
                0x080011a0                HAL_NVIC_SetPriorityGrouping
 .text.HAL_NVIC_SetPriority
                0x080011b6       0x38 ./Drivers/STM32F7xx_HAL_Driver/Src/stm32f7xx_hal_cortex.o
                0x080011b6                HAL_NVIC_SetPriority
 .text.HAL_NVIC_EnableIRQ
                0x080011ee       0x1c ./Drivers/STM32F7xx_HAL_Driver/Src/stm32f7xx_hal_cortex.o
                0x080011ee                HAL_NVIC_EnableIRQ
 .text.HAL_SYSTICK_Config
                0x0800120a       0x18 ./Drivers/STM32F7xx_HAL_Driver/Src/stm32f7xx_hal_cortex.o
                0x0800120a                HAL_SYSTICK_Config
 *fill*         0x08001222        0x2 
 .text.HAL_ETH_Init
                0x08001224      0x134 ./Drivers/STM32F7xx_HAL_Driver/Src/stm32f7xx_hal_eth.o
                0x08001224                HAL_ETH_Init
 .text.ETH_SetMACConfig
                0x08001358      0x168 ./Drivers/STM32F7xx_HAL_Driver/Src/stm32f7xx_hal_eth.o
 .text.ETH_SetDMAConfig
                0x080014c0      0x114 ./Drivers/STM32F7xx_HAL_Driver/Src/stm32f7xx_hal_eth.o
 .text.ETH_MACDMAConfig
                0x080015d4       0xea ./Drivers/STM32F7xx_HAL_Driver/Src/stm32f7xx_hal_eth.o
 *fill*         0x080016be        0x2 
 .text.ETH_MACAddressConfig
                0x080016c0       0x70 ./Drivers/STM32F7xx_HAL_Driver/Src/stm32f7xx_hal_eth.o
 .text.ETH_DMATxDescListInit
                0x08001730       0xb2 ./Drivers/STM32F7xx_HAL_Driver/Src/stm32f7xx_hal_eth.o
 .text.ETH_DMARxDescListInit
                0x080017e2       0xde ./Drivers/STM32F7xx_HAL_Driver/Src/stm32f7xx_hal_eth.o
 .text.HAL_GPIO_Init
                0x080018c0      0x358 ./Drivers/STM32F7xx_HAL_Driver/Src/stm32f7xx_hal_gpio.o
                0x080018c0                HAL_GPIO_Init
 .text.HAL_GPIO_WritePin
                0x08001c18       0x32 ./Drivers/STM32F7xx_HAL_Driver/Src/stm32f7xx_hal_gpio.o
                0x08001c18                HAL_GPIO_WritePin
 *fill*         0x08001c4a        0x2 
 .text.HAL_PWREx_EnableOverDrive
                0x08001c4c       0xa0 ./Drivers/STM32F7xx_HAL_Driver/Src/stm32f7xx_hal_pwr_ex.o
                0x08001c4c                HAL_PWREx_EnableOverDrive
 .text.HAL_RCC_OscConfig
                0x08001cec      0x55c ./Drivers/STM32F7xx_HAL_Driver/Src/stm32f7xx_hal_rcc.o
                0x08001cec                HAL_RCC_OscConfig
 .text.HAL_RCC_ClockConfig
                0x08002248      0x1d8 ./Drivers/STM32F7xx_HAL_Driver/Src/stm32f7xx_hal_rcc.o
                0x08002248                HAL_RCC_ClockConfig
 .text.HAL_RCC_GetSysClockFreq
                0x08002420      0x18c ./Drivers/STM32F7xx_HAL_Driver/Src/stm32f7xx_hal_rcc.o
                0x08002420                HAL_RCC_GetSysClockFreq
 .text.HAL_RCC_GetHCLKFreq
                0x080025ac       0x18 ./Drivers/STM32F7xx_HAL_Driver/Src/stm32f7xx_hal_rcc.o
                0x080025ac                HAL_RCC_GetHCLKFreq
 .text.HAL_RCC_GetPCLK1Freq
                0x080025c4       0x28 ./Drivers/STM32F7xx_HAL_Driver/Src/stm32f7xx_hal_rcc.o
                0x080025c4                HAL_RCC_GetPCLK1Freq
 .text.HAL_RCC_GetPCLK2Freq
                0x080025ec       0x28 ./Drivers/STM32F7xx_HAL_Driver/Src/stm32f7xx_hal_rcc.o
                0x080025ec                HAL_RCC_GetPCLK2Freq
 .text.HAL_RCCEx_PeriphCLKConfig
                0x08002614      0x850 ./Drivers/STM32F7xx_HAL_Driver/Src/stm32f7xx_hal_rcc_ex.o
                0x08002614                HAL_RCCEx_PeriphCLKConfig
 .text.HAL_RNG_Init
                0x08002e64       0x54 ./Drivers/STM32F7xx_HAL_Driver/Src/stm32f7xx_hal_rng.o
                0x08002e64                HAL_RNG_Init
 .text.HAL_RNG_GenerateRandomNumber
                0x08002eb8       0xac ./Drivers/STM32F7xx_HAL_Driver/Src/stm32f7xx_hal_rng.o
                0x08002eb8                HAL_RNG_GenerateRandomNumber
 .text.HAL_UART_Init
                0x08002f64       0x9c ./Drivers/STM32F7xx_HAL_Driver/Src/stm32f7xx_hal_uart.o
                0x08002f64                HAL_UART_Init
 .text.HAL_UART_Transmit
                0x08003000      0x112 ./Drivers/STM32F7xx_HAL_Driver/Src/stm32f7xx_hal_uart.o
                0x08003000                HAL_UART_Transmit
 *fill*         0x08003112        0x2 
 .text.UART_SetConfig
                0x08003114      0x4c8 ./Drivers/STM32F7xx_HAL_Driver/Src/stm32f7xx_hal_uart.o
                0x08003114                UART_SetConfig
 .text.UART_AdvFeatureConfig
                0x080035dc      0x144 ./Drivers/STM32F7xx_HAL_Driver/Src/stm32f7xx_hal_uart.o
                0x080035dc                UART_AdvFeatureConfig
 .text.UART_CheckIdleState
                0x08003720      0x150 ./Drivers/STM32F7xx_HAL_Driver/Src/stm32f7xx_hal_uart.o
                0x08003720                UART_CheckIdleState
 .text.UART_WaitOnFlagUntilTimeout
                0x08003870       0xda ./Drivers/STM32F7xx_HAL_Driver/Src/stm32f7xx_hal_uart.o
                0x08003870                UART_WaitOnFlagUntilTimeout
 .text.UART_EndRxTransfer
                0x0800394a       0xc8 ./Drivers/STM32F7xx_HAL_Driver/Src/stm32f7xx_hal_uart.o
 .text.mg_base64_encode_single
                0x08003a12       0x44 ./mongoose/mongoose.o
 .text.mg_base64_decode_single
                0x08003a56       0x6c ./mongoose/mongoose.o
 *fill*         0x08003ac2        0x2 
 .text.mg_base64_update
                0x08003ac4       0xfc ./mongoose/mongoose.o
                0x08003ac4                mg_base64_update
 .text.mg_base64_final
                0x08003bc0       0x62 ./mongoose/mongoose.o
                0x08003bc0                mg_base64_final
 *fill*         0x08003c22        0x2 
 .text.mg_base64_encode
                0x08003c24       0x94 ./mongoose/mongoose.o
                0x08003c24                mg_base64_encode
 .text.mg_base64_decode
                0x08003cb8      0x144 ./mongoose/mongoose.o
                0x08003cb8                mg_base64_decode
 .text.mg_dns_free
                0x08003dfc       0x36 ./mongoose/mongoose.o
 .text.mg_resolve_cancel
                0x08003e32       0x44 ./mongoose/mongoose.o
                0x08003e32                mg_resolve_cancel
 .text.mg_dns_parse_name_depth
                0x08003e76      0x160 ./mongoose/mongoose.o
 .text.mg_dns_parse_name
                0x08003fd6       0x30 ./mongoose/mongoose.o
 .text.mg_dns_parse_rr
                0x08004006      0x12a ./mongoose/mongoose.o
                0x08004006                mg_dns_parse_rr
 .text.mg_dns_parse
                0x08004130      0x1d8 ./mongoose/mongoose.o
                0x08004130                mg_dns_parse
 .text.dns_cb   0x08004308      0x304 ./mongoose/mongoose.o
 .text.mg_dns_send
                0x0800460c      0x1c0 ./mongoose/mongoose.o
 .text.mg_dnsc_init
                0x080047cc       0x64 ./mongoose/mongoose.o
                0x080047cc                mg_dnsc_init
 .text.mg_sendnsreq
                0x08004830      0x13c ./mongoose/mongoose.o
 .text.mg_resolve
                0x0800496c       0x88 ./mongoose/mongoose.o
                0x0800496c                mg_resolve
 .text.mg_call  0x080049f4       0x44 ./mongoose/mongoose.o
                0x080049f4                mg_call
 .text.mg_error
                0x08004a38       0x84 ./mongoose/mongoose.o
                0x08004a38                mg_error
 .text.mg_ota_flash_begin
                0x08004abc       0xf8 ./mongoose/mongoose.o
                0x08004abc                mg_ota_flash_begin
 .text.mg_ota_flash_write
                0x08004bb4      0x188 ./mongoose/mongoose.o
                0x08004bb4                mg_ota_flash_write
 .text.mg_ota_flash_end
                0x08004d3c      0x100 ./mongoose/mongoose.o
                0x08004d3c                mg_ota_flash_end
 .text.is_digit
                0x08004e3c       0x2c ./mongoose/mongoose.o
 .text.addexp   0x08004e68      0x104 ./mongoose/mongoose.o
 .text.xisinf   0x08004f6c       0x50 ./mongoose/mongoose.o
 .text.xisnan   0x08004fbc       0x58 ./mongoose/mongoose.o
 *fill*         0x08005014        0x4 
 .text.mg_dtoa  0x08005018      0x56c ./mongoose/mongoose.o
 .text.mg_lld   0x08005584      0x160 ./mongoose/mongoose.o
 .text.scpy     0x080056e4       0x46 ./mongoose/mongoose.o
 .text.mg_xprintf
                0x0800572a       0x36 ./mongoose/mongoose.o
                0x0800572a                mg_xprintf
 .text.mg_vxprintf
                0x08005760      0x748 ./mongoose/mongoose.o
                0x08005760                mg_vxprintf
 .text.mg_fs_open
                0x08005ea8       0x4e ./mongoose/mongoose.o
                0x08005ea8                mg_fs_open
 .text.mg_fs_close
                0x08005ef6       0x2a ./mongoose/mongoose.o
                0x08005ef6                mg_fs_close
 .text.is_dir_prefix
                0x08005f20       0x58 ./mongoose/mongoose.o
 .text.packed_stat
                0x08005f78       0x60 ./mongoose/mongoose.o
 .text.packed_list
                0x08005fd8       0xfc ./mongoose/mongoose.o
 .text.packed_open
                0x080060d4       0x60 ./mongoose/mongoose.o
 .text.packed_close
                0x08006134       0x1c ./mongoose/mongoose.o
 .text.packed_read
                0x08006150       0x56 ./mongoose/mongoose.o
 .text.packed_write
                0x080061a6       0x1a ./mongoose/mongoose.o
 .text.packed_seek
                0x080061c0       0x38 ./mongoose/mongoose.o
 .text.packed_rename
                0x080061f8       0x18 ./mongoose/mongoose.o
 .text.packed_remove
                0x08006210       0x16 ./mongoose/mongoose.o
 .text.packed_mkdir
                0x08006226       0x16 ./mongoose/mongoose.o
 .text.p_stat   0x0800623c       0x1a ./mongoose/mongoose.o
 .text.p_list   0x08006256       0x18 ./mongoose/mongoose.o
 .text.p_open   0x0800626e       0x18 ./mongoose/mongoose.o
 .text.p_close  0x08006286       0x14 ./mongoose/mongoose.o
 .text.p_read   0x0800629a       0x1a ./mongoose/mongoose.o
 .text.p_write  0x080062b4       0x1a ./mongoose/mongoose.o
 .text.p_seek   0x080062ce       0x1a ./mongoose/mongoose.o
 .text.p_rename
                0x080062e8       0x18 ./mongoose/mongoose.o
 .text.p_remove
                0x08006300       0x16 ./mongoose/mongoose.o
 .text.p_mkdir  0x08006316       0x16 ./mongoose/mongoose.o
 .text.mg_ncasecmp
                0x0800632c       0x80 ./mongoose/mongoose.o
 .text.mg_to_size_t
                0x080063ac      0x12c ./mongoose/mongoose.o
                0x080063ac                mg_to_size_t
 .text.mg_http_var
                0x080064d8       0xa0 ./mongoose/mongoose.o
                0x080064d8                mg_http_var
 .text.mg_http_get_var
                0x08006578       0xa6 ./mongoose/mongoose.o
                0x08006578                mg_http_get_var
 .text.isx      0x0800661e       0x44 ./mongoose/mongoose.o
 .text.mg_url_decode
                0x08006662      0x110 ./mongoose/mongoose.o
                0x08006662                mg_url_decode
 .text.isok     0x08006772       0x3a ./mongoose/mongoose.o
 .text.mg_http_get_request_len
                0x080067ac       0x9c ./mongoose/mongoose.o
                0x080067ac                mg_http_get_request_len
 .text.mg_http_get_header
                0x08006848       0x80 ./mongoose/mongoose.o
                0x08006848                mg_http_get_header
 .text.vcb      0x080068c8       0x26 ./mongoose/mongoose.o
 .text.clen     0x080068ee       0xde ./mongoose/mongoose.o
 .text.skiptorn
                0x080069cc       0x96 ./mongoose/mongoose.o
 .text.mg_http_parse_headers
                0x08006a62      0x15e ./mongoose/mongoose.o
 .text.mg_http_parse
                0x08006bc0      0x37c ./mongoose/mongoose.o
                0x08006bc0                mg_http_parse
 .text.mg_http_status_code_str
                0x08006f3c      0x9f8 ./mongoose/mongoose.o
 .text.mg_http_reply
                0x08007934       0xb0 ./mongoose/mongoose.o
                0x08007934                mg_http_reply
 .text.restore_http_cb
                0x080079e4       0x40 ./mongoose/mongoose.o
 .text.mg_http_etag
                0x08007a24       0x38 ./mongoose/mongoose.o
                0x08007a24                mg_http_etag
 .text.static_cb
                0x08007a5c       0xc4 ./mongoose/mongoose.o
 .text.guess_content_type
                0x08007b20      0x13c ./mongoose/mongoose.o
 .text.getrange
                0x08007c5c       0xe8 ./mongoose/mongoose.o
 .text.mg_http_serve_file
                0x08007d44      0x590 ./mongoose/mongoose.o
                0x08007d44                mg_http_serve_file
 .text.uri_to_path2
                0x080082d4      0x2dc ./mongoose/mongoose.o
 .text.uri_to_path
                0x080085b0      0x194 ./mongoose/mongoose.o
 .text.mg_http_serve_dir
                0x08008744       0xc8 ./mongoose/mongoose.o
                0x08008744                mg_http_serve_dir
 .text.mg_http_creds
                0x0800880c      0x238 ./mongoose/mongoose.o
                0x0800880c                mg_http_creds
 .text.stripquotes
                0x08008a44       0x52 ./mongoose/mongoose.o
 .text.mg_http_get_header_var
                0x08008a96      0x12c ./mongoose/mongoose.o
                0x08008a96                mg_http_get_header_var
 .text.mg_http_status
                0x08008bc2       0x1c ./mongoose/mongoose.o
                0x08008bc2                mg_http_status
 .text.is_hex_digit
                0x08008bde       0x44 ./mongoose/mongoose.o
 .text.skip_chunk
                0x08008c22      0x11e ./mongoose/mongoose.o
 .text.http_cb  0x08008d40      0x740 ./mongoose/mongoose.o
 .text.mg_http_listen
                0x08009480       0x38 ./mongoose/mongoose.o
                0x08009480                mg_http_listen
 .text.roundup  0x080094b8       0x34 ./mongoose/mongoose.o
 .text.mg_iobuf_resize
                0x080094ec      0x11c ./mongoose/mongoose.o
                0x080094ec                mg_iobuf_resize
 .text.mg_iobuf_add
                0x08009608       0xa4 ./mongoose/mongoose.o
                0x08009608                mg_iobuf_add
 .text.mg_iobuf_del
                0x080096ac       0x96 ./mongoose/mongoose.o
                0x080096ac                mg_iobuf_del
 .text.mg_iobuf_free
                0x08009742       0x18 ./mongoose/mongoose.o
                0x08009742                mg_iobuf_free
 *fill*         0x0800975a        0x2 
 .text.escapeseq
                0x0800975c       0x28 ./mongoose/mongoose.o
 .text.json_esc
                0x08009784       0x60 ./mongoose/mongoose.o
 .text.mg_pass_string
                0x080097e4       0x82 ./mongoose/mongoose.o
 *fill*         0x08009866        0x2 
 .text.mg_atod  0x08009868      0x2a0 ./mongoose/mongoose.o
 .text.mg_json_get
                0x08009b08      0x674 ./mongoose/mongoose.o
                0x08009b08                mg_json_get
 .text.mg_json_get_tok
                0x0800a17c       0x4a ./mongoose/mongoose.o
                0x0800a17c                mg_json_get_tok
 .text.mg_json_get_num
                0x0800a1c6       0x8a ./mongoose/mongoose.o
                0x0800a1c6                mg_json_get_num
 .text.mg_json_get_bool
                0x0800a250       0x78 ./mongoose/mongoose.o
                0x0800a250                mg_json_get_bool
 .text.mg_json_unescape
                0x0800a2c8      0x11c ./mongoose/mongoose.o
                0x0800a2c8                mg_json_unescape
 .text.logc     0x0800a3e4       0x28 ./mongoose/mongoose.o
 .text.logs     0x0800a40c       0x36 ./mongoose/mongoose.o
 *fill*         0x0800a442        0x2 
 .text.mg_log_prefix
                0x0800a444       0xa0 ./mongoose/mongoose.o
                0x0800a444                mg_log_prefix
 .text.mg_log   0x0800a4e4       0x40 ./mongoose/mongoose.o
                0x0800a4e4                mg_log
 .text.nibble   0x0800a524       0x2c ./mongoose/mongoose.o
 .text.mg_hexdump
                0x0800a550      0x174 ./mongoose/mongoose.o
                0x0800a550                mg_hexdump
 .text.mg_vprintf
                0x0800a6c4       0x5c ./mongoose/mongoose.o
                0x0800a6c4                mg_vprintf
 .text.mg_printf
                0x0800a720       0x34 ./mongoose/mongoose.o
                0x0800a720                mg_printf
 .text.mg_atonl
                0x0800a754       0x60 ./mongoose/mongoose.o
 .text.mg_atone
                0x0800a7b4       0x36 ./mongoose/mongoose.o
 .text.mg_aton4
                0x0800a7ea       0xec ./mongoose/mongoose.o
 .text.mg_v4mapped
                0x0800a8d6       0xd0 ./mongoose/mongoose.o
 .text.mg_aton6
                0x0800a9a6      0x220 ./mongoose/mongoose.o
 .text.mg_aton  0x0800abc6       0x74 ./mongoose/mongoose.o
                0x0800abc6                mg_aton
 .text.mg_alloc_conn
                0x0800ac3a       0x58 ./mongoose/mongoose.o
                0x0800ac3a                mg_alloc_conn
 *fill*         0x0800ac92        0x2 
 .text.mg_close_conn
                0x0800ac94       0xd0 ./mongoose/mongoose.o
                0x0800ac94                mg_close_conn
 .text.mg_connect_svc
                0x0800ad64      0x154 ./mongoose/mongoose.o
                0x0800ad64                mg_connect_svc
 .text.mg_connect
                0x0800aeb8       0x2c ./mongoose/mongoose.o
                0x0800aeb8                mg_connect
 .text.mg_listen
                0x0800aee4      0x144 ./mongoose/mongoose.o
                0x0800aee4                mg_listen
 .text.mg_timer_add
                0x0800b028       0x4a ./mongoose/mongoose.o
                0x0800b028                mg_timer_add
 *fill*         0x0800b072        0x2 
 .text.mg_mgr_init
                0x0800b074      0x144 ./mongoose/mongoose.o
                0x0800b074                mg_mgr_init
 .text.mg_tcpip_call
                0x0800b1b8       0x3c ./mongoose/mongoose.o
 .text.mkpay    0x0800b1f4       0x3c ./mongoose/mongoose.o
 .text.csumup   0x0800b230       0x56 ./mongoose/mongoose.o
 .text.csumfin  0x0800b286       0x36 ./mongoose/mongoose.o
 .text.ipcsum   0x0800b2bc       0x26 ./mongoose/mongoose.o
 *fill*         0x0800b2e2        0x2 
 .text.settmout
                0x0800b2e4       0xc8 ./mongoose/mongoose.o
 .text.ether_output
                0x0800b3ac       0x3c ./mongoose/mongoose.o
 .text.mg_tcpip_arp_request
                0x0800b3e8       0xd0 ./mongoose/mongoose.o
                0x0800b3e8                mg_tcpip_arp_request
 .text.onstatechange
                0x0800b4b8      0x11c ./mongoose/mongoose.o
 .text.tx_ip    0x0800b5d4       0xae ./mongoose/mongoose.o
 .text.tx_udp   0x0800b682       0xe8 ./mongoose/mongoose.o
 .text.tx_udp4  0x0800b76a       0x60 ./mongoose/mongoose.o
 *fill*         0x0800b7ca        0x2 
 .text.tx_dhcp  0x0800b7cc      0x120 ./mongoose/mongoose.o
 .text.tx_dhcp_request_sel
                0x0800b8ec      0x1b0 ./mongoose/mongoose.o
 .text.tx_dhcp_request_re
                0x0800ba9c       0x64 ./mongoose/mongoose.o
 .text.tx_dhcp_discover
                0x0800bb00       0x78 ./mongoose/mongoose.o
 .text.getpeer  0x0800bb78      0x10e ./mongoose/mongoose.o
 *fill*         0x0800bc86        0x2 
 .text.rx_arp   0x0800bc88      0x224 ./mongoose/mongoose.o
 .text.rx_icmp  0x0800beac       0xb8 ./mongoose/mongoose.o
 .text.rx_dhcp_client
                0x0800bf64      0x3e0 ./mongoose/mongoose.o
 .text.rx_dhcp_server
                0x0800c344      0x3dc ./mongoose/mongoose.o
 .text.rx_udp   0x0800c720       0xec ./mongoose/mongoose.o
 .text.tx_tcp   0x0800c80c      0x1f0 ./mongoose/mongoose.o
 .text.tx_tcp_ctrlresp
                0x0800c9fc       0xfc ./mongoose/mongoose.o
 .text.tx_tcp_rst
                0x0800caf8       0x3c ./mongoose/mongoose.o
 .text.accept_conn
                0x0800cb34      0x1b4 ./mongoose/mongoose.o
 .text.trim_len
                0x0800cce8      0x13c ./mongoose/mongoose.o
 .text.udp_send
                0x0800ce24       0x5e ./mongoose/mongoose.o
 .text.mg_io_send
                0x0800ce82       0xee ./mongoose/mongoose.o
                0x0800ce82                mg_io_send
 .text.handle_tls_recv
                0x0800cf70       0xcc ./mongoose/mongoose.o
 .text.read_conn
                0x0800d03c      0x560 ./mongoose/mongoose.o
 .text.backlog_insert
                0x0800d59c       0x90 ./mongoose/mongoose.o
 .text.backlog_retrieve
                0x0800d62c       0x5c ./mongoose/mongoose.o
 .text.backlog_remove
                0x0800d688       0x32 ./mongoose/mongoose.o
 .text.backlog_maintain
                0x0800d6ba       0xa0 ./mongoose/mongoose.o
 .text.backlog_poll
                0x0800d75a       0x50 ./mongoose/mongoose.o
 *fill*         0x0800d7aa        0x2 
 .text.handle_opt
                0x0800d7ac       0xcc ./mongoose/mongoose.o
 .text.rx_tcp   0x0800d878      0x30c ./mongoose/mongoose.o
 .text.rx_ip    0x0800db84      0x3d4 ./mongoose/mongoose.o
 .text.mg_tcpip_rx
                0x0800df58      0x1a4 ./mongoose/mongoose.o
 .text.mg_ip_poll
                0x0800e0fc       0xdc ./mongoose/mongoose.o
 .text.mg_ip_link
                0x0800e1d8       0xa8 ./mongoose/mongoose.o
 .text.mg_tcpip_poll
                0x0800e280      0x380 ./mongoose/mongoose.o
 .text.mg_tcpip_qwrite
                0x0800e600       0x62 ./mongoose/mongoose.o
                0x0800e600                mg_tcpip_qwrite
 *fill*         0x0800e662        0x2 
 .text.mg_tcpip_init
                0x0800e664      0x1d4 ./mongoose/mongoose.o
                0x0800e664                mg_tcpip_init
 .text.send_syn
                0x0800e838       0x5c ./mongoose/mongoose.o
 .text.mac_resolved
                0x0800e894       0x48 ./mongoose/mongoose.o
 .text.ip4_mcastmac
                0x0800e8dc       0x5c ./mongoose/mongoose.o
 .text.mg_connect_resolved
                0x0800e938      0x1f4 ./mongoose/mongoose.o
                0x0800e938                mg_connect_resolved
 .text.mg_open_listener
                0x0800eb2c       0x88 ./mongoose/mongoose.o
                0x0800eb2c                mg_open_listener
 .text.write_conn
                0x0800ebb4       0x80 ./mongoose/mongoose.o
 .text.init_closure
                0x0800ec34       0xa0 ./mongoose/mongoose.o
 .text.close_conn
                0x0800ecd4       0x26 ./mongoose/mongoose.o
 .text.can_write
                0x0800ecfa       0x68 ./mongoose/mongoose.o
 *fill*         0x0800ed62        0x2 
 .text.mg_mgr_poll
                0x0800ed64      0x284 ./mongoose/mongoose.o
                0x0800ed64                mg_mgr_poll
 .text.mg_send  0x0800efe8      0x108 ./mongoose/mongoose.o
                0x0800efe8                mg_send
 .text.setdns4  0x0800f0f0       0xcc ./mongoose/mongoose.o
 .text.flash_size
                0x0800f1bc       0x34 ./mongoose/mongoose.o
 .text.mg_ota_begin
                0x0800f1f0       0x28 ./mongoose/mongoose.o
                0x0800f1f0                mg_ota_begin
 .text.mg_ota_write
                0x0800f218       0x24 ./mongoose/mongoose.o
                0x0800f218                mg_ota_write
 .text.mg_ota_end
                0x0800f23c       0xc0 ./mongoose/mongoose.o
                0x0800f23c                mg_ota_end
 .text.mg_pfn_iobuf_private
                0x0800f2fc       0x90 ./mongoose/mongoose.o
 .text.mg_putchar_iobuf_static
                0x0800f38c       0x20 ./mongoose/mongoose.o
 .text.mg_pfn_iobuf
                0x0800f3ac       0x20 ./mongoose/mongoose.o
                0x0800f3ac                mg_pfn_iobuf
 .text.mg_vsnprintf
                0x0800f3cc       0x50 ./mongoose/mongoose.o
                0x0800f3cc                mg_vsnprintf
 .text.mg_snprintf
                0x0800f41c       0x32 ./mongoose/mongoose.o
                0x0800f41c                mg_snprintf
 *fill*         0x0800f44e        0x2 
 .text.mg_vmprintf
                0x0800f450       0x38 ./mongoose/mongoose.o
                0x0800f450                mg_vmprintf
 .text.mg_mprintf
                0x0800f488       0x2a ./mongoose/mongoose.o
                0x0800f488                mg_mprintf
 .text.mg_pfn_stdout
                0x0800f4b2       0x1c ./mongoose/mongoose.o
                0x0800f4b2                mg_pfn_stdout
 *fill*         0x0800f4ce        0x2 
 .text.print_ip4
                0x0800f4d0       0x48 ./mongoose/mongoose.o
 .text.print_ip6
                0x0800f518       0xbc ./mongoose/mongoose.o
 .text.mg_print_ip4
                0x0800f5d4       0x2e ./mongoose/mongoose.o
                0x0800f5d4                mg_print_ip4
 .text.mg_print_ip
                0x0800f602       0x48 ./mongoose/mongoose.o
                0x0800f602                mg_print_ip
 *fill*         0x0800f64a        0x2 
 .text.mg_print_ip_port
                0x0800f64c       0x4c ./mongoose/mongoose.o
                0x0800f64c                mg_print_ip_port
 .text.mg_print_mac
                0x0800f698       0x6c ./mongoose/mongoose.o
                0x0800f698                mg_print_mac
 .text.mg_esc   0x0800f704       0x7c ./mongoose/mongoose.o
 .text.mg_escape
                0x0800f780       0x1a ./mongoose/mongoose.o
 .text.qcpy     0x0800f79a       0x86 ./mongoose/mongoose.o
 .text.mg_print_hex
                0x0800f820       0x88 ./mongoose/mongoose.o
                0x0800f820                mg_print_hex
 .text.mg_print_esc
                0x0800f8a8       0x58 ./mongoose/mongoose.o
                0x0800f8a8                mg_print_esc
 .text.mg_queue_read_len
                0x0800f900       0x54 ./mongoose/mongoose.o
 .text.mg_queue_write_len
                0x0800f954       0x2c ./mongoose/mongoose.o
 .text.mg_queue_book
                0x0800f980       0xae ./mongoose/mongoose.o
                0x0800f980                mg_queue_book
 *fill*         0x0800fa2e        0x2 
 .text.mg_queue_next
                0x0800fa30       0x8c ./mongoose/mongoose.o
                0x0800fa30                mg_queue_next
 .text.mg_queue_add
                0x0800fabc       0x70 ./mongoose/mongoose.o
                0x0800fabc                mg_queue_add
 .text.mg_queue_del
                0x0800fb2c       0x48 ./mongoose/mongoose.o
                0x0800fb2c                mg_queue_del
 .text.blk0     0x0800fb74       0x58 ./mongoose/mongoose.o
 .text.mg_sha1_transform
                0x0800fbcc     0x143c ./mongoose/mongoose.o
 .text.mg_sha1_init
                0x08011008       0x54 ./mongoose/mongoose.o
                0x08011008                mg_sha1_init
 .text.mg_sha1_update
                0x0801105c       0xcc ./mongoose/mongoose.o
                0x0801105c                mg_sha1_update
 .text.mg_sha1_final
                0x08011128       0xe4 ./mongoose/mongoose.o
                0x08011128                mg_sha1_final
 .text.mg_sha256_init
                0x0801120c       0x78 ./mongoose/mongoose.o
                0x0801120c                mg_sha256_init
 .text.mg_sha256_chunk
                0x08011284      0x410 ./mongoose/mongoose.o
 .text.mg_sha256_update
                0x08011694       0x72 ./mongoose/mongoose.o
                0x08011694                mg_sha256_update
 .text.mg_sha256_final
                0x08011706      0x270 ./mongoose/mongoose.o
                0x08011706                mg_sha256_final
 .text.mg_sha256
                0x08011976       0x38 ./mongoose/mongoose.o
                0x08011976                mg_sha256
 .text.mg_hmac_sha256
                0x080119ae      0x1ce ./mongoose/mongoose.o
                0x080119ae                mg_hmac_sha256
 .text.mg_sha384_transform
                0x08011b7c      0xa44 ./mongoose/mongoose.o
 .text.mg_sha384_init
                0x080125c0       0xd8 ./mongoose/mongoose.o
                0x080125c0                mg_sha384_init
 .text.mg_sha384_update
                0x08012698       0xaa ./mongoose/mongoose.o
                0x08012698                mg_sha384_update
 .text.mg_sha384_final
                0x08012742      0x3dc ./mongoose/mongoose.o
                0x08012742                mg_sha384_final
 .text.mg_sha384
                0x08012b1e       0x38 ./mongoose/mongoose.o
                0x08012b1e                mg_sha384
 *fill*         0x08012b56        0x2 
 .text.mg_now   0x08012b58       0x24 ./mongoose/mongoose.o
                0x08012b58                mg_now
 .text.mg_http_serve_ssi
                0x08012b7c       0x28 ./mongoose/mongoose.o
                0x08012b7c                mg_http_serve_ssi
 .text.mg_str_s
                0x08012ba4       0x3a ./mongoose/mongoose.o
                0x08012ba4                mg_str_s
 .text.mg_str_n
                0x08012bde       0x30 ./mongoose/mongoose.o
                0x08012bde                mg_str_n
 .text.mg_tolc  0x08012c0e       0x2a ./mongoose/mongoose.o
 .text.mg_strdup
                0x08012c38       0x6c ./mongoose/mongoose.o
                0x08012c38                mg_strdup
 .text.mg_strcmp
                0x08012ca4       0x84 ./mongoose/mongoose.o
                0x08012ca4                mg_strcmp
 .text.mg_strcasecmp
                0x08012d28       0x8e ./mongoose/mongoose.o
                0x08012d28                mg_strcasecmp
 .text.mg_match
                0x08012db6      0x1e8 ./mongoose/mongoose.o
                0x08012db6                mg_match
 .text.mg_span  0x08012f9e       0xba ./mongoose/mongoose.o
                0x08012f9e                mg_span
 .text.mg_str_to_num
                0x08013058      0x466 ./mongoose/mongoose.o
                0x08013058                mg_str_to_num
 .text.mg_timer_init
                0x080134be       0x52 ./mongoose/mongoose.o
                0x080134be                mg_timer_init
 .text.mg_timer_free
                0x08013510       0x42 ./mongoose/mongoose.o
                0x08013510                mg_timer_free
 .text.mg_timer_expired
                0x08013552       0xc8 ./mongoose/mongoose.o
                0x08013552                mg_timer_expired
 .text.mg_timer_poll
                0x0801361a       0xf4 ./mongoose/mongoose.o
                0x0801361a                mg_timer_poll
 *fill*         0x0801370e        0x2 
 .text.mg_tls_hexdump
                0x08013710       0x50 ./mongoose/mongoose.o
 .text.mg_der_parse
                0x08013760       0xc0 ./mongoose/mongoose.o
 .text.mg_der_next
                0x08013820       0x56 ./mongoose/mongoose.o
 .text.mg_der_find_oid
                0x08013876       0xa0 ./mongoose/mongoose.o
 .text.mg_der_to_tlv
                0x08013916       0xa8 ./mongoose/mongoose.o
 .text.mg_tls_got_record
                0x080139be       0x50 ./mongoose/mongoose.o
 .text.mg_tls_drop_record
                0x08013a0e       0x44 ./mongoose/mongoose.o
 *fill*         0x08013a52        0x2 
 .text.mg_tls_drop_message
                0x08013a54       0x98 ./mongoose/mongoose.o
 .text.mg_tls_derive_secret
                0x08013aec      0x138 ./mongoose/mongoose.o
 .text.mg_tls_generate_handshake_keys
                0x08013c24      0x2a0 ./mongoose/mongoose.o
 .text.mg_tls_generate_application_keys
                0x08013ec4      0x230 ./mongoose/mongoose.o
 .text.mg_tls_encrypt
                0x080140f4      0x240 ./mongoose/mongoose.o
 .text.mg_tls_recv_record
                0x08014334      0x250 ./mongoose/mongoose.o
 .text.mg_tls_calc_cert_verify_hash
                0x08014584      0x15c ./mongoose/mongoose.o
 .text.mg_tls_server_recv_hello
                0x080146e0      0x32c ./mongoose/mongoose.o
 .text.mg_tls_server_send_hello
                0x08014a0c      0x184 ./mongoose/mongoose.o
 .text.mg_tls_server_send_ext
                0x08014b90       0x44 ./mongoose/mongoose.o
 .text.mg_tls_server_send_cert_request
                0x08014bd4       0x84 ./mongoose/mongoose.o
 .text.mg_tls_send_cert
                0x08014c58      0x1de ./mongoose/mongoose.o
 .text.init_SHA256
                0x08014e36       0x1e ./mongoose/mongoose.o
 .text.update_SHA256
                0x08014e54       0x26 ./mongoose/mongoose.o
 .text.finish_SHA256
                0x08014e7a       0x22 ./mongoose/mongoose.o
 .text.mg_tls_send_cert_verify
                0x08014e9c      0x26c ./mongoose/mongoose.o
 .text.mg_tls_server_send_finish
                0x08015108       0xa4 ./mongoose/mongoose.o
 .text.mg_tls_server_recv_finish
                0x080151ac       0x80 ./mongoose/mongoose.o
 .text.mg_tls_client_send_hello
                0x0801522c      0x3e8 ./mongoose/mongoose.o
 .text.mg_tls_client_recv_hello
                0x08015614      0x274 ./mongoose/mongoose.o
 .text.mg_tls_client_recv_ext
                0x08015888       0x60 ./mongoose/mongoose.o
 .text.mg_der_debug_cert_name
                0x080158e8      0x14c ./mongoose/mongoose.o
 .text.mg_tls_parse_cert_der
                0x08015a34      0x7b0 ./mongoose/mongoose.o
 .text.mg_tls_verify_cert_san
                0x080161e4      0x1a8 ./mongoose/mongoose.o
 .text.mg_tls_verify_cert_signature
                0x0801638c      0x318 ./mongoose/mongoose.o
 .text.mg_tls_verify_cert_cn
                0x080166a4       0x94 ./mongoose/mongoose.o
 .text.mg_tls_recv_cert
                0x08016738      0x584 ./mongoose/mongoose.o
 .text.mg_tls_recv_cert_verify
                0x08016cbc      0x478 ./mongoose/mongoose.o
 .text.mg_tls_client_recv_finish
                0x08017134       0x60 ./mongoose/mongoose.o
 .text.mg_tls_client_send_finish
                0x08017194       0x80 ./mongoose/mongoose.o
 .text.mg_tls_client_handshake
                0x08017214      0x1e8 ./mongoose/mongoose.o
 .text.mg_tls_server_handshake
                0x080173fc      0x1e8 ./mongoose/mongoose.o
 .text.mg_tls_handshake
                0x080175e4       0x98 ./mongoose/mongoose.o
                0x080175e4                mg_tls_handshake
 .text.mg_parse_pem
                0x0801767c      0x13c ./mongoose/mongoose.o
 .text.mg_tls_init
                0x080177b8      0x318 ./mongoose/mongoose.o
                0x080177b8                mg_tls_init
 .text.mg_tls_free
                0x08017ad0       0x54 ./mongoose/mongoose.o
                0x08017ad0                mg_tls_free
 .text.mg_tls_send
                0x08017b24      0x158 ./mongoose/mongoose.o
                0x08017b24                mg_tls_send
 .text.mg_tls_recv
                0x08017c7c       0xa8 ./mongoose/mongoose.o
                0x08017c7c                mg_tls_recv
 .text.mg_tls_pending
                0x08017d24       0x2a ./mongoose/mongoose.o
                0x08017d24                mg_tls_pending
 .text.mg_tls_flush
                0x08017d4e       0x48 ./mongoose/mongoose.o
                0x08017d4e                mg_tls_flush
 .text.mg_tls_ctx_init
                0x08017d96       0x14 ./mongoose/mongoose.o
                0x08017d96                mg_tls_ctx_init
 *fill*         0x08017daa        0x2 
 .text.initialize_state
                0x08017dac       0xd0 ./mongoose/mongoose.o
 .text.core_block
                0x08017e7c      0x4a4 ./mongoose/mongoose.o
 .text.xor_block
                0x08018320      0x116 ./mongoose/mongoose.o
 .text.chacha20_xor_stream
                0x08018436       0xf0 ./mongoose/mongoose.o
 .text.rfc8439_keygen
                0x08018526       0x40 ./mongoose/mongoose.o
 .text.U8TO32   0x08018566       0x38 ./mongoose/mongoose.o
 .text.U32TO8   0x0801859e       0x42 ./mongoose/mongoose.o
 .text.poly1305_init
                0x080185e0       0xf8 ./mongoose/mongoose.o
 .text.poly1305_blocks
                0x080186d8      0xe06 ./mongoose/mongoose.o
 .text.poly1305_finish
                0x080194de      0x4b8 ./mongoose/mongoose.o
 .text.poly1305_update
                0x08019996      0x106 ./mongoose/mongoose.o
 .text.pad_if_needed
                0x08019a9c       0x34 ./mongoose/mongoose.o
 .text.write_64bit_int
                0x08019ad0       0xbe ./mongoose/mongoose.o
 .text.poly1305_calculate_mac
                0x08019b8e       0xcc ./mongoose/mongoose.o
 .text.mg_chacha20_poly1305_encrypt
                0x08019c5a       0x70 ./mongoose/mongoose.o
                0x08019c5a                mg_chacha20_poly1305_encrypt
 .text.mg_chacha20_poly1305_decrypt
                0x08019cca       0x54 ./mongoose/mongoose.o
                0x08019cca                mg_chacha20_poly1305_decrypt
 .text.bi_initialize
                0x08019d1e       0x48 ./mongoose/mongoose.o
 .text.bi_terminate
                0x08019d66       0x3e ./mongoose/mongoose.o
 .text.bi_clear_cache
                0x08019da4       0x4e ./mongoose/mongoose.o
 *fill*         0x08019df2        0x2 
 .text.bi_copy  0x08019df4       0x30 ./mongoose/mongoose.o
 .text.bi_permanent
                0x08019e24       0x28 ./mongoose/mongoose.o
 .text.bi_depermanent
                0x08019e4c       0x28 ./mongoose/mongoose.o
 .text.bi_free  0x08019e74       0x64 ./mongoose/mongoose.o
 .text.int_to_bi
                0x08019ed8       0x26 ./mongoose/mongoose.o
 .text.bi_clone
                0x08019efe       0x3a ./mongoose/mongoose.o
 .text.bi_add   0x08019f38       0xba ./mongoose/mongoose.o
 .text.bi_subtract
                0x08019ff2       0xb0 ./mongoose/mongoose.o
 .text.bi_int_multiply
                0x0801a0a2      0x106 ./mongoose/mongoose.o
 .text.bi_divide
                0x0801a1a8      0x46c ./mongoose/mongoose.o
 .text.bi_int_divide
                0x0801a614       0xb2 ./mongoose/mongoose.o
 .text.bi_import
                0x0801a6c6       0xa2 ./mongoose/mongoose.o
 .text.bi_export
                0x0801a768       0xa0 ./mongoose/mongoose.o
 .text.bi_set_mod
                0x0801a808       0x94 ./mongoose/mongoose.o
 .text.bi_free_mod
                0x0801a89c       0x5a ./mongoose/mongoose.o
 .text.regular_multiply
                0x0801a8f6      0x19c ./mongoose/mongoose.o
 .text.bi_multiply
                0x0801aa92       0x26 ./mongoose/mongoose.o
 .text.bi_compare
                0x0801aab8       0xaa ./mongoose/mongoose.o
 .text.more_comps
                0x0801ab62       0xb6 ./mongoose/mongoose.o
 .text.alloc    0x0801ac18       0x8c ./mongoose/mongoose.o
 .text.find_max_exp_index
                0x0801aca4       0x66 ./mongoose/mongoose.o
 .text.exp_bit_is_one
                0x0801ad0a       0x6c ./mongoose/mongoose.o
 .text.trim     0x0801ad76       0x50 ./mongoose/mongoose.o
 .text.bi_mod_power
                0x0801adc6      0x1d6 ./mongoose/mongoose.o
 .text.mg_rsa_mod_pow
                0x0801af9c       0x78 ./mongoose/mongoose.o
                0x0801af9c                mg_rsa_mod_pow
 .text.mg_uecc_vli_clear
                0x0801b014       0x42 ./mongoose/mongoose.o
 .text.mg_uecc_vli_isZero
                0x0801b056       0x54 ./mongoose/mongoose.o
 .text.mg_uecc_vli_testBit
                0x0801b0aa       0x36 ./mongoose/mongoose.o
 .text.vli_numDigits
                0x0801b0e0       0x4a ./mongoose/mongoose.o
 .text.mg_uecc_vli_numBits
                0x0801b12a       0x72 ./mongoose/mongoose.o
 .text.mg_uecc_vli_set
                0x0801b19c       0x4e ./mongoose/mongoose.o
 .text.mg_uecc_vli_cmp_unsafe
                0x0801b1ea       0x78 ./mongoose/mongoose.o
 .text.mg_uecc_vli_equal
                0x0801b262       0x64 ./mongoose/mongoose.o
 .text.mg_uecc_vli_cmp
                0x0801b2c6       0x62 ./mongoose/mongoose.o
 .text.mg_uecc_vli_rshift1
                0x0801b328       0x54 ./mongoose/mongoose.o
 .text.mg_uecc_vli_add
                0x0801b37c       0x94 ./mongoose/mongoose.o
 .text.mg_uecc_vli_sub
                0x0801b410       0x94 ./mongoose/mongoose.o
 .text.muladd   0x0801b4a4       0xd4 ./mongoose/mongoose.o
 .text.mg_uecc_vli_mult
                0x0801b578      0x140 ./mongoose/mongoose.o
 .text.mg_uecc_vli_modAdd
                0x0801b6b8       0x4e ./mongoose/mongoose.o
 .text.mg_uecc_vli_modSub
                0x0801b706       0x3a ./mongoose/mongoose.o
 .text.mg_uecc_vli_mmod
                0x0801b740      0x278 ./mongoose/mongoose.o
 .text.mg_uecc_vli_modMult
                0x0801b9b8       0x36 ./mongoose/mongoose.o
 .text.mg_uecc_vli_modMult_fast
                0x0801b9ee       0x38 ./mongoose/mongoose.o
 .text.mg_uecc_vli_modSquare_fast
                0x0801ba26       0x20 ./mongoose/mongoose.o
 .text.vli_modInv_update
                0x0801ba46       0x70 ./mongoose/mongoose.o
 .text.mg_uecc_vli_modInv
                0x0801bab6      0x1f2 ./mongoose/mongoose.o
 .text.double_jacobian_default
                0x0801bca8      0x1fe ./mongoose/mongoose.o
 .text.x_side_default
                0x0801bea6       0x76 ./mongoose/mongoose.o
 .text.mod_sqrt_default
                0x0801bf1c       0xca ./mongoose/mongoose.o
 *fill*         0x0801bfe6        0x2 
 .text.mg_uecc_secp256r1
                0x0801bfe8       0x14 ./mongoose/mongoose.o
                0x0801bfe8                mg_uecc_secp256r1
 .text.vli_mmod_fast_secp256r1
                0x0801bffc      0x2b4 ./mongoose/mongoose.o
 .text.apply_z  0x0801c2b0       0x50 ./mongoose/mongoose.o
 .text.XYcZ_initial_double
                0x0801c300       0x94 ./mongoose/mongoose.o
 .text.XYcZ_add
                0x0801c394      0x134 ./mongoose/mongoose.o
 .text.XYcZ_addC
                0x0801c4c8      0x1e2 ./mongoose/mongoose.o
 .text.EccPoint_mult
                0x0801c6aa      0x2c2 ./mongoose/mongoose.o
 .text.regularize_k
                0x0801c96c       0x82 ./mongoose/mongoose.o
 *fill*         0x0801c9ee        0x2 
 .text.mg_uecc_generate_random_int
                0x0801c9f0       0xd4 ./mongoose/mongoose.o
 .text.mg_uecc_vli_nativeToBytes
                0x0801cac4       0x5a ./mongoose/mongoose.o
 .text.mg_uecc_vli_bytesToNative
                0x0801cb1e       0x78 ./mongoose/mongoose.o
 .text.bits2int
                0x0801cb96       0xe4 ./mongoose/mongoose.o
 *fill*         0x0801cc7a        0x2 
 .text.mg_uecc_sign_with_k_internal
                0x0801cc7c      0x2d8 ./mongoose/mongoose.o
 .text.HMAC_init
                0x0801cf54       0x7e ./mongoose/mongoose.o
 .text.HMAC_update
                0x0801cfd2       0x20 ./mongoose/mongoose.o
 .text.HMAC_finish
                0x0801cff2       0xa2 ./mongoose/mongoose.o
 .text.update_V
                0x0801d094       0x34 ./mongoose/mongoose.o
 .text.mg_uecc_sign_deterministic
                0x0801d0c8      0x22c ./mongoose/mongoose.o
                0x0801d0c8                mg_uecc_sign_deterministic
 .text.smax     0x0801d2f4       0x2c ./mongoose/mongoose.o
 .text.mg_uecc_verify
                0x0801d320      0x598 ./mongoose/mongoose.o
                0x0801d320                mg_uecc_verify
 .text.umaal    0x0801d8b8       0x9c ./mongoose/mongoose.o
 .text.adc      0x0801d954       0x6e ./mongoose/mongoose.o
 .text.adc0     0x0801d9c2       0x4c ./mongoose/mongoose.o
 .text.propagate
                0x0801da0e       0x74 ./mongoose/mongoose.o
 .text.add      0x0801da82       0x60 ./mongoose/mongoose.o
 .text.sub      0x0801dae2       0xa2 ./mongoose/mongoose.o
 .text.mul      0x0801db84       0xfa ./mongoose/mongoose.o
 .text.sqr      0x0801dc7e       0x1e ./mongoose/mongoose.o
 .text.mul1     0x0801dc9c       0x1e ./mongoose/mongoose.o
 .text.sqr1     0x0801dcba       0x18 ./mongoose/mongoose.o
 .text.condswap
                0x0801dcd2       0x78 ./mongoose/mongoose.o
 .text.canon    0x0801dd4a       0xe4 ./mongoose/mongoose.o
 *fill*         0x0801de2e        0x2 
 .text.ladder_part1
                0x0801de30       0xa8 ./mongoose/mongoose.o
 .text.ladder_part2
                0x0801ded8       0x5c ./mongoose/mongoose.o
 .text.x25519_core
                0x0801df34      0x15c ./mongoose/mongoose.o
 .text.mg_tls_x25519
                0x0801e090      0x198 ./mongoose/mongoose.o
                0x0801e090                mg_tls_x25519
 .text.mg_url_is_ssl
                0x0801e228       0x90 ./mongoose/mongoose.o
                0x0801e228                mg_url_is_ssl
 .text.urlparse
                0x0801e2b8      0x102 ./mongoose/mongoose.o
 .text.mg_url_host
                0x0801e3ba       0x66 ./mongoose/mongoose.o
                0x0801e3ba                mg_url_host
 .text.mg_url_port
                0x0801e420       0xc8 ./mongoose/mongoose.o
                0x0801e420                mg_url_port
 .text.mg_bzero
                0x0801e4e8       0x32 ./mongoose/mongoose.o
                0x0801e4e8                mg_bzero
 *fill*         0x0801e51a        0x2 
 .text.mg_random_str
                0x0801e51c       0x8c ./mongoose/mongoose.o
                0x0801e51c                mg_random_str
 .text.mg_crc32
                0x0801e5a8       0x74 ./mongoose/mongoose.o
                0x0801e5a8                mg_crc32
 .text.mg_path_is_sane
                0x0801e61c       0x8c ./mongoose/mongoose.o
                0x0801e61c                mg_path_is_sane
 .text.mg_ntohs
                0x0801e6a8       0x2e ./mongoose/mongoose.o
                0x0801e6a8                mg_ntohs
 .text.mg_ntohl
                0x0801e6d6       0x36 ./mongoose/mongoose.o
                0x0801e6d6                mg_ntohl
 .text.mg_calloc
                0x0801e70c       0x1c ./mongoose/mongoose.o
                0x0801e70c                mg_calloc
 .text.mg_free  0x0801e728       0x16 ./mongoose/mongoose.o
                0x0801e728                mg_free
 *fill*         0x0801e73e        0x2 
 .text.mg_ws_vprintf
                0x0801e740       0x48 ./mongoose/mongoose.o
                0x0801e740                mg_ws_vprintf
 .text.mg_ws_printf
                0x0801e788       0x36 ./mongoose/mongoose.o
                0x0801e788                mg_ws_printf
 *fill*         0x0801e7be        0x2 
 .text.ws_handshake
                0x0801e7c0       0xe0 ./mongoose/mongoose.o
 .text.be32     0x0801e8a0       0x38 ./mongoose/mongoose.o
 .text.ws_process
                0x0801e8d8      0x150 ./mongoose/mongoose.o
 .text.mkhdr    0x0801ea28       0xe2 ./mongoose/mongoose.o
 .text.mg_ws_mask
                0x0801eb0a       0x78 ./mongoose/mongoose.o
 *fill*         0x0801eb82        0x2 
 .text.mg_ws_send
                0x0801eb84       0xb4 ./mongoose/mongoose.o
                0x0801eb84                mg_ws_send
 .text.mg_ws_client_handshake
                0x0801ec38      0x12c ./mongoose/mongoose.o
 .text.mg_ws_cb
                0x0801ed64      0x2b8 ./mongoose/mongoose.o
 .text.mg_ws_upgrade
                0x0801f01c       0xb4 ./mongoose/mongoose.o
                0x0801f01c                mg_ws_upgrade
 .text.mg_ws_wrap
                0x0801f0d0       0x92 ./mongoose/mongoose.o
                0x0801f0d0                mg_ws_wrap
 *fill*         0x0801f162        0x2 
 .text.mg_phy_id_to_str
                0x0801f164      0x114 ./mongoose/mongoose.o
 .text.mg_phy_init
                0x0801f278      0x170 ./mongoose/mongoose.o
                0x0801f278                mg_phy_init
 .text.mg_phy_up
                0x0801f3e8      0x22a ./mongoose/mongoose.o
                0x0801f3e8                mg_phy_up
 *fill*         0x0801f612        0x2 
 .text.eth_read_phy
                0x0801f614       0x60 ./mongoose/mongoose.o
 .text.eth_write_phy
                0x0801f674       0x68 ./mongoose/mongoose.o
 .text.get_hclk
                0x0801f6dc      0x10c ./mongoose/mongoose.o
 .text.guess_mdc_cr
                0x0801f7e8      0x100 ./mongoose/mongoose.o
 .text.mg_tcpip_driver_stm32f_init
                0x0801f8e8      0x200 ./mongoose/mongoose.o
 .text.mg_tcpip_driver_stm32f_tx
                0x0801fae8      0x13c ./mongoose/mongoose.o
 .text.mg_tcpip_driver_stm32f_update_hash_table
                0x0801fc24       0x5c ./mongoose/mongoose.o
 .text.mg_tcpip_driver_stm32f_poll
                0x0801fc80      0x124 ./mongoose/mongoose.o
 .text.ETH_IRQHandler
                0x0801fda4      0x118 ./mongoose/mongoose.o
                0x0801fda4                ETH_IRQHandler
 .text.scmp     0x0801febc       0x44 ./mongoose/mongoose_fs.o
 .text.mg_unlist
                0x0801ff00       0x28 ./mongoose/mongoose_fs.o
                0x0801ff00                mg_unlist
 .text.mg_unpack
                0x0801ff28       0x6c ./mongoose/mongoose_fs.o
                0x0801ff28                mg_unpack
 .text.glue_authenticate
                0x0801ff94       0x64 ./mongoose/mongoose_glue.o
                0x0801ff94                glue_authenticate
 .text.glue_check_reboot
                0x0801fff8       0x24 ./mongoose/mongoose_glue.o
                0x0801fff8                glue_check_reboot
 .text.glue_start_reboot
                0x0802001c       0x60 ./mongoose/mongoose_glue.o
                0x0802001c                glue_start_reboot
 .text.glue_check_reformat
                0x0802007c       0x24 ./mongoose/mongoose_glue.o
                0x0802007c                glue_check_reformat
 .text.glue_start_reformat
                0x080200a0       0x60 ./mongoose/mongoose_glue.o
                0x080200a0                glue_start_reformat
 .text.glue_check_save_event
                0x08020100       0x24 ./mongoose/mongoose_glue.o
                0x08020100                glue_check_save_event
 .text.glue_start_save_event
                0x08020124       0x60 ./mongoose/mongoose_glue.o
                0x08020124                glue_start_save_event
 .text.glue_ota_begin_firmware_update
                0x08020184       0x58 ./mongoose/mongoose_glue.o
                0x08020184                glue_ota_begin_firmware_update
 .text.glue_ota_end_firmware_update
                0x080201dc       0x34 ./mongoose/mongoose_glue.o
                0x080201dc                glue_ota_end_firmware_update
 .text.glue_ota_write_firmware_update
                0x08020210       0x50 ./mongoose/mongoose_glue.o
                0x08020210                glue_ota_write_firmware_update
 .text.glue_file_read_file
                0x08020260       0x4c ./mongoose/mongoose_glue.o
                0x08020260                glue_file_read_file
 .text.glue_file_write_file
                0x080202ac       0x4c ./mongoose/mongoose_glue.o
                0x080202ac                glue_file_write_file
 .text.glue_get_state
                0x080202f8       0x30 ./mongoose/mongoose_glue.o
                0x080202f8                glue_get_state
 .text.glue_get_leds
                0x08020328       0x24 ./mongoose/mongoose_glue.o
                0x08020328                glue_get_leds
 .text.glue_set_leds
                0x0802034c       0x24 ./mongoose/mongoose_glue.o
                0x0802034c                glue_set_leds
 .text.glue_get_network_settings
                0x08020370       0x48 ./mongoose/mongoose_glue.o
                0x08020370                glue_get_network_settings
 .text.glue_set_network_settings
                0x080203b8       0x48 ./mongoose/mongoose_glue.o
                0x080203b8                glue_set_network_settings
 .text.glue_get_settings
                0x08020400       0x34 ./mongoose/mongoose_glue.o
                0x08020400                glue_get_settings
 .text.glue_set_settings
                0x08020434       0x34 ./mongoose/mongoose_glue.o
                0x08020434                glue_set_settings
 .text.glue_get_security
                0x08020468       0x24 ./mongoose/mongoose_glue.o
                0x08020468                glue_get_security
 .text.glue_set_security
                0x0802048c       0x24 ./mongoose/mongoose_glue.o
                0x0802048c                glue_set_security
 .text.glue_get_events
                0x080204b0       0x40 ./mongoose/mongoose_glue.o
                0x080204b0                glue_get_events
 .text.glue_set_events
                0x080204f0       0x3c ./mongoose/mongoose_glue.o
                0x080204f0                glue_set_events
 .text.get_api_handler
                0x0802052c       0x9c ./mongoose/mongoose_impl.o
 .text.find_handler
                0x080205c8       0x58 ./mongoose/mongoose_impl.o
 .text.mg_json_get_str2
                0x08020620       0x58 ./mongoose/mongoose_impl.o
                0x08020620                mg_json_get_str2
 .text.authenticate
                0x08020678      0x1c4 ./mongoose/mongoose_impl.o
 .text.handle_login
                0x0802083c       0xdc ./mongoose/mongoose_impl.o
 .text.handle_logout
                0x08020918       0x70 ./mongoose/mongoose_impl.o
 .text.get_file_name_from_uri
                0x08020988       0x60 ./mongoose/mongoose_impl.o
 .text.do_upload
                0x080209e8      0x238 ./mongoose/mongoose_impl.o
 .text.start_uploads
                0x08020c20      0x1a8 ./mongoose/mongoose_impl.o
 .text.handle_action
                0x08020dc8       0x88 ./mongoose/mongoose_impl.o
 .text.print_struct
                0x08020e50      0x214 ./mongoose/mongoose_impl.o
                0x08020e50                print_struct
 .text.populate_struct_from_json
                0x08021064      0x160 ./mongoose/mongoose_impl.o
 .text.handle_object
                0x080211c4       0xdc ./mongoose/mongoose_impl.o
 .text.print_array
                0x080212a0      0x1dc ./mongoose/mongoose_impl.o
 .text.handle_array
                0x0802147c      0x154 ./mongoose/mongoose_impl.o
 .text.file_ev_handler
                0x080215d0      0x164 ./mongoose/mongoose_impl.o
 .text.handle_file
                0x08021734      0x114 ./mongoose/mongoose_impl.o
 .text.handle_api_call
                0x08021848       0xfc ./mongoose/mongoose_impl.o
 .text.find_custom_handler
                0x08021944       0x48 ./mongoose/mongoose_impl.o
                0x08021944                find_custom_handler
 .text.http_ev_handler
                0x0802198c      0x4d8 ./mongoose/mongoose_impl.o
 .text.send_websocket_data
                0x08021e64      0x1ec ./mongoose/mongoose_impl.o
 .text.mongoose_init
                0x08022050       0x78 ./mongoose/mongoose_impl.o
                0x08022050                mongoose_init
 .text.mongoose_poll
                0x080220c8       0x18 ./mongoose/mongoose_impl.o
                0x080220c8                mongoose_poll
 .text.abort    0x080220e0        0xe C:/ST/STM32CubeIDE_1.19.0/STM32CubeIDE/plugins/com.st.stm32cube.ide.mcu.externaltools.gnu-tools-for-stm32.13.3.rel1.win32_1.0.0.202411081344/tools/bin/../lib/gcc/arm-none-eabi/13.3.1/../../../../arm-none-eabi/lib/thumb/v7e-m+dp/hard\libc_nano.a(libc_a-abort.o)
                0x080220e0                abort
 *fill*         0x080220ee        0x2 
 .text.__assert_func
                0x080220f0       0x3c C:/ST/STM32CubeIDE_1.19.0/STM32CubeIDE/plugins/com.st.stm32cube.ide.mcu.externaltools.gnu-tools-for-stm32.13.3.rel1.win32_1.0.0.202411081344/tools/bin/../lib/gcc/arm-none-eabi/13.3.1/../../../../arm-none-eabi/lib/thumb/v7e-m+dp/hard\libc_nano.a(libc_a-assert.o)
                0x080220f0                __assert_func
 .text.atoi     0x0802212c        0x8 C:/ST/STM32CubeIDE_1.19.0/STM32CubeIDE/plugins/com.st.stm32cube.ide.mcu.externaltools.gnu-tools-for-stm32.13.3.rel1.win32_1.0.0.202411081344/tools/bin/../lib/gcc/arm-none-eabi/13.3.1/../../../../arm-none-eabi/lib/thumb/v7e-m+dp/hard\libc_nano.a(libc_a-atoi.o)
                0x0802212c                atoi
 .text.calloc   0x08022134       0x10 C:/ST/STM32CubeIDE_1.19.0/STM32CubeIDE/plugins/com.st.stm32cube.ide.mcu.externaltools.gnu-tools-for-stm32.13.3.rel1.win32_1.0.0.202411081344/tools/bin/../lib/gcc/arm-none-eabi/13.3.1/../../../../arm-none-eabi/lib/thumb/v7e-m+dp/hard\libc_nano.a(libc_a-calloc.o)
                0x08022134                calloc
 .text._calloc_r
                0x08022144       0x28 C:/ST/STM32CubeIDE_1.19.0/STM32CubeIDE/plugins/com.st.stm32cube.ide.mcu.externaltools.gnu-tools-for-stm32.13.3.rel1.win32_1.0.0.202411081344/tools/bin/../lib/gcc/arm-none-eabi/13.3.1/../../../../arm-none-eabi/lib/thumb/v7e-m+dp/hard\libc_nano.a(libc_a-callocr.o)
                0x08022144                _calloc_r
 .text.malloc   0x0802216c       0x10 C:/ST/STM32CubeIDE_1.19.0/STM32CubeIDE/plugins/com.st.stm32cube.ide.mcu.externaltools.gnu-tools-for-stm32.13.3.rel1.win32_1.0.0.202411081344/tools/bin/../lib/gcc/arm-none-eabi/13.3.1/../../../../arm-none-eabi/lib/thumb/v7e-m+dp/hard\libc_nano.a(libc_a-malloc.o)
                0x0802216c                malloc
 .text.free     0x0802217c       0x10 C:/ST/STM32CubeIDE_1.19.0/STM32CubeIDE/plugins/com.st.stm32cube.ide.mcu.externaltools.gnu-tools-for-stm32.13.3.rel1.win32_1.0.0.202411081344/tools/bin/../lib/gcc/arm-none-eabi/13.3.1/../../../../arm-none-eabi/lib/thumb/v7e-m+dp/hard\libc_nano.a(libc_a-malloc.o)
                0x0802217c                free
 .text.sbrk_aligned
                0x0802218c       0x44 C:/ST/STM32CubeIDE_1.19.0/STM32CubeIDE/plugins/com.st.stm32cube.ide.mcu.externaltools.gnu-tools-for-stm32.13.3.rel1.win32_1.0.0.202411081344/tools/bin/../lib/gcc/arm-none-eabi/13.3.1/../../../../arm-none-eabi/lib/thumb/v7e-m+dp/hard\libc_nano.a(libc_a-mallocr.o)
 .text._malloc_r
                0x080221d0      0x100 C:/ST/STM32CubeIDE_1.19.0/STM32CubeIDE/plugins/com.st.stm32cube.ide.mcu.externaltools.gnu-tools-for-stm32.13.3.rel1.win32_1.0.0.202411081344/tools/bin/../lib/gcc/arm-none-eabi/13.3.1/../../../../arm-none-eabi/lib/thumb/v7e-m+dp/hard\libc_nano.a(libc_a-mallocr.o)
                0x080221d0                _malloc_r
 .text.__malloc_lock
                0x080222d0        0xc C:/ST/STM32CubeIDE_1.19.0/STM32CubeIDE/plugins/com.st.stm32cube.ide.mcu.externaltools.gnu-tools-for-stm32.13.3.rel1.win32_1.0.0.202411081344/tools/bin/../lib/gcc/arm-none-eabi/13.3.1/../../../../arm-none-eabi/lib/thumb/v7e-m+dp/hard\libc_nano.a(libc_a-mlock.o)
                0x080222d0                __malloc_lock
 .text.__malloc_unlock
                0x080222dc        0xc C:/ST/STM32CubeIDE_1.19.0/STM32CubeIDE/plugins/com.st.stm32cube.ide.mcu.externaltools.gnu-tools-for-stm32.13.3.rel1.win32_1.0.0.202411081344/tools/bin/../lib/gcc/arm-none-eabi/13.3.1/../../../../arm-none-eabi/lib/thumb/v7e-m+dp/hard\libc_nano.a(libc_a-mlock.o)
                0x080222dc                __malloc_unlock
 .text.srand    0x080222e8       0x5c C:/ST/STM32CubeIDE_1.19.0/STM32CubeIDE/plugins/com.st.stm32cube.ide.mcu.externaltools.gnu-tools-for-stm32.13.3.rel1.win32_1.0.0.202411081344/tools/bin/../lib/gcc/arm-none-eabi/13.3.1/../../../../arm-none-eabi/lib/thumb/v7e-m+dp/hard\libc_nano.a(libc_a-rand.o)
                0x080222e8                srand
 .text._strtol_l.isra.0
                0x08022344       0xf4 C:/ST/STM32CubeIDE_1.19.0/STM32CubeIDE/plugins/com.st.stm32cube.ide.mcu.externaltools.gnu-tools-for-stm32.13.3.rel1.win32_1.0.0.202411081344/tools/bin/../lib/gcc/arm-none-eabi/13.3.1/../../../../arm-none-eabi/lib/thumb/v7e-m+dp/hard\libc_nano.a(libc_a-strtol.o)
 .text.strtol   0x08022438       0x14 C:/ST/STM32CubeIDE_1.19.0/STM32CubeIDE/plugins/com.st.stm32cube.ide.mcu.externaltools.gnu-tools-for-stm32.13.3.rel1.win32_1.0.0.202411081344/tools/bin/../lib/gcc/arm-none-eabi/13.3.1/../../../../arm-none-eabi/lib/thumb/v7e-m+dp/hard\libc_nano.a(libc_a-strtol.o)
                0x08022438                strtol
 .text.std      0x0802244c       0x6c C:/ST/STM32CubeIDE_1.19.0/STM32CubeIDE/plugins/com.st.stm32cube.ide.mcu.externaltools.gnu-tools-for-stm32.13.3.rel1.win32_1.0.0.202411081344/tools/bin/../lib/gcc/arm-none-eabi/13.3.1/../../../../arm-none-eabi/lib/thumb/v7e-m+dp/hard\libc_nano.a(libc_a-findfp.o)
 .text.stdio_exit_handler
                0x080224b8       0x18 C:/ST/STM32CubeIDE_1.19.0/STM32CubeIDE/plugins/com.st.stm32cube.ide.mcu.externaltools.gnu-tools-for-stm32.13.3.rel1.win32_1.0.0.202411081344/tools/bin/../lib/gcc/arm-none-eabi/13.3.1/../../../../arm-none-eabi/lib/thumb/v7e-m+dp/hard\libc_nano.a(libc_a-findfp.o)
 .text.cleanup_stdio
                0x080224d0       0x40 C:/ST/STM32CubeIDE_1.19.0/STM32CubeIDE/plugins/com.st.stm32cube.ide.mcu.externaltools.gnu-tools-for-stm32.13.3.rel1.win32_1.0.0.202411081344/tools/bin/../lib/gcc/arm-none-eabi/13.3.1/../../../../arm-none-eabi/lib/thumb/v7e-m+dp/hard\libc_nano.a(libc_a-findfp.o)
 .text.global_stdio_init.part.0
                0x08022510       0x3c C:/ST/STM32CubeIDE_1.19.0/STM32CubeIDE/plugins/com.st.stm32cube.ide.mcu.externaltools.gnu-tools-for-stm32.13.3.rel1.win32_1.0.0.202411081344/tools/bin/../lib/gcc/arm-none-eabi/13.3.1/../../../../arm-none-eabi/lib/thumb/v7e-m+dp/hard\libc_nano.a(libc_a-findfp.o)
 .text.__sfp_lock_acquire
                0x0802254c        0xc C:/ST/STM32CubeIDE_1.19.0/STM32CubeIDE/plugins/com.st.stm32cube.ide.mcu.externaltools.gnu-tools-for-stm32.13.3.rel1.win32_1.0.0.202411081344/tools/bin/../lib/gcc/arm-none-eabi/13.3.1/../../../../arm-none-eabi/lib/thumb/v7e-m+dp/hard\libc_nano.a(libc_a-findfp.o)
                0x0802254c                __sfp_lock_acquire
 .text.__sfp_lock_release
                0x08022558        0xc C:/ST/STM32CubeIDE_1.19.0/STM32CubeIDE/plugins/com.st.stm32cube.ide.mcu.externaltools.gnu-tools-for-stm32.13.3.rel1.win32_1.0.0.202411081344/tools/bin/../lib/gcc/arm-none-eabi/13.3.1/../../../../arm-none-eabi/lib/thumb/v7e-m+dp/hard\libc_nano.a(libc_a-findfp.o)
                0x08022558                __sfp_lock_release
 .text.__sinit  0x08022564       0x30 C:/ST/STM32CubeIDE_1.19.0/STM32CubeIDE/plugins/com.st.stm32cube.ide.mcu.externaltools.gnu-tools-for-stm32.13.3.rel1.win32_1.0.0.202411081344/tools/bin/../lib/gcc/arm-none-eabi/13.3.1/../../../../arm-none-eabi/lib/thumb/v7e-m+dp/hard\libc_nano.a(libc_a-findfp.o)
                0x08022564                __sinit
 .text.fprintf  0x08022594       0x24 C:/ST/STM32CubeIDE_1.19.0/STM32CubeIDE/plugins/com.st.stm32cube.ide.mcu.externaltools.gnu-tools-for-stm32.13.3.rel1.win32_1.0.0.202411081344/tools/bin/../lib/gcc/arm-none-eabi/13.3.1/../../../../arm-none-eabi/lib/thumb/v7e-m+dp/hard\libc_nano.a(libc_a-fprintf.o)
                0x08022594                fiprintf
                0x08022594                fprintf
 .text._fwalk_sglue
                0x080225b8       0x3c C:/ST/STM32CubeIDE_1.19.0/STM32CubeIDE/plugins/com.st.stm32cube.ide.mcu.externaltools.gnu-tools-for-stm32.13.3.rel1.win32_1.0.0.202411081344/tools/bin/../lib/gcc/arm-none-eabi/13.3.1/../../../../arm-none-eabi/lib/thumb/v7e-m+dp/hard\libc_nano.a(libc_a-fwalk.o)
                0x080225b8                _fwalk_sglue
 .text.putchar  0x080225f4       0x10 C:/ST/STM32CubeIDE_1.19.0/STM32CubeIDE/plugins/com.st.stm32cube.ide.mcu.externaltools.gnu-tools-for-stm32.13.3.rel1.win32_1.0.0.202411081344/tools/bin/../lib/gcc/arm-none-eabi/13.3.1/../../../../arm-none-eabi/lib/thumb/v7e-m+dp/hard\libc_nano.a(libc_a-putchar.o)
                0x080225f4                putchar
 .text.__sread  0x08022604       0x22 C:/ST/STM32CubeIDE_1.19.0/STM32CubeIDE/plugins/com.st.stm32cube.ide.mcu.externaltools.gnu-tools-for-stm32.13.3.rel1.win32_1.0.0.202411081344/tools/bin/../lib/gcc/arm-none-eabi/13.3.1/../../../../arm-none-eabi/lib/thumb/v7e-m+dp/hard\libc_nano.a(libc_a-stdio.o)
                0x08022604                __sread
 .text.__swrite
                0x08022626       0x38 C:/ST/STM32CubeIDE_1.19.0/STM32CubeIDE/plugins/com.st.stm32cube.ide.mcu.externaltools.gnu-tools-for-stm32.13.3.rel1.win32_1.0.0.202411081344/tools/bin/../lib/gcc/arm-none-eabi/13.3.1/../../../../arm-none-eabi/lib/thumb/v7e-m+dp/hard\libc_nano.a(libc_a-stdio.o)
                0x08022626                __swrite
 .text.__sseek  0x0802265e       0x24 C:/ST/STM32CubeIDE_1.19.0/STM32CubeIDE/plugins/com.st.stm32cube.ide.mcu.externaltools.gnu-tools-for-stm32.13.3.rel1.win32_1.0.0.202411081344/tools/bin/../lib/gcc/arm-none-eabi/13.3.1/../../../../arm-none-eabi/lib/thumb/v7e-m+dp/hard\libc_nano.a(libc_a-stdio.o)
                0x0802265e                __sseek
 .text.__sclose
                0x08022682        0x8 C:/ST/STM32CubeIDE_1.19.0/STM32CubeIDE/plugins/com.st.stm32cube.ide.mcu.externaltools.gnu-tools-for-stm32.13.3.rel1.win32_1.0.0.202411081344/tools/bin/../lib/gcc/arm-none-eabi/13.3.1/../../../../arm-none-eabi/lib/thumb/v7e-m+dp/hard\libc_nano.a(libc_a-stdio.o)
                0x08022682                __sclose
 .text.memcmp   0x0802268a       0x20 C:/ST/STM32CubeIDE_1.19.0/STM32CubeIDE/plugins/com.st.stm32cube.ide.mcu.externaltools.gnu-tools-for-stm32.13.3.rel1.win32_1.0.0.202411081344/tools/bin/../lib/gcc/arm-none-eabi/13.3.1/../../../../arm-none-eabi/lib/thumb/v7e-m+dp/hard\libc_nano.a(libc_a-memcmp.o)
                0x0802268a                memcmp
 .text.memmove  0x080226aa       0x34 C:/ST/STM32CubeIDE_1.19.0/STM32CubeIDE/plugins/com.st.stm32cube.ide.mcu.externaltools.gnu-tools-for-stm32.13.3.rel1.win32_1.0.0.202411081344/tools/bin/../lib/gcc/arm-none-eabi/13.3.1/../../../../arm-none-eabi/lib/thumb/v7e-m+dp/hard\libc_nano.a(libc_a-memmove.o)
                0x080226aa                memmove
 .text.memset   0x080226de       0x10 C:/ST/STM32CubeIDE_1.19.0/STM32CubeIDE/plugins/com.st.stm32cube.ide.mcu.externaltools.gnu-tools-for-stm32.13.3.rel1.win32_1.0.0.202411081344/tools/bin/../lib/gcc/arm-none-eabi/13.3.1/../../../../arm-none-eabi/lib/thumb/v7e-m+dp/hard\libc_nano.a(libc_a-memset.o)
                0x080226de                memset
 .text.strchr   0x080226ee       0x1a C:/ST/STM32CubeIDE_1.19.0/STM32CubeIDE/plugins/com.st.stm32cube.ide.mcu.externaltools.gnu-tools-for-stm32.13.3.rel1.win32_1.0.0.202411081344/tools/bin/../lib/gcc/arm-none-eabi/13.3.1/../../../../arm-none-eabi/lib/thumb/v7e-m+dp/hard\libc_nano.a(libc_a-strchr.o)
                0x080226ee                strchr
 .text.strncmp  0x08022708       0x24 C:/ST/STM32CubeIDE_1.19.0/STM32CubeIDE/plugins/com.st.stm32cube.ide.mcu.externaltools.gnu-tools-for-stm32.13.3.rel1.win32_1.0.0.202411081344/tools/bin/../lib/gcc/arm-none-eabi/13.3.1/../../../../arm-none-eabi/lib/thumb/v7e-m+dp/hard\libc_nano.a(libc_a-strncmp.o)
                0x08022708                strncmp
 .text.strncpy  0x0802272c       0x26 C:/ST/STM32CubeIDE_1.19.0/STM32CubeIDE/plugins/com.st.stm32cube.ide.mcu.externaltools.gnu-tools-for-stm32.13.3.rel1.win32_1.0.0.202411081344/tools/bin/../lib/gcc/arm-none-eabi/13.3.1/../../../../arm-none-eabi/lib/thumb/v7e-m+dp/hard\libc_nano.a(libc_a-strncpy.o)
                0x0802272c                strncpy
 .text.strrchr  0x08022752       0x2c C:/ST/STM32CubeIDE_1.19.0/STM32CubeIDE/plugins/com.st.stm32cube.ide.mcu.externaltools.gnu-tools-for-stm32.13.3.rel1.win32_1.0.0.202411081344/tools/bin/../lib/gcc/arm-none-eabi/13.3.1/../../../../arm-none-eabi/lib/thumb/v7e-m+dp/hard\libc_nano.a(libc_a-strrchr.o)
                0x08022752                strrchr
 .text._raise_r
                0x0802277e       0x50 C:/ST/STM32CubeIDE_1.19.0/STM32CubeIDE/plugins/com.st.stm32cube.ide.mcu.externaltools.gnu-tools-for-stm32.13.3.rel1.win32_1.0.0.202411081344/tools/bin/../lib/gcc/arm-none-eabi/13.3.1/../../../../arm-none-eabi/lib/thumb/v7e-m+dp/hard\libc_nano.a(libc_a-signal.o)
                0x0802277e                _raise_r
 *fill*         0x080227ce        0x2 
 .text.raise    0x080227d0       0x10 C:/ST/STM32CubeIDE_1.19.0/STM32CubeIDE/plugins/com.st.stm32cube.ide.mcu.externaltools.gnu-tools-for-stm32.13.3.rel1.win32_1.0.0.202411081344/tools/bin/../lib/gcc/arm-none-eabi/13.3.1/../../../../arm-none-eabi/lib/thumb/v7e-m+dp/hard\libc_nano.a(libc_a-signal.o)
                0x080227d0                raise
 .text._close_r
                0x080227e0       0x20 C:/ST/STM32CubeIDE_1.19.0/STM32CubeIDE/plugins/com.st.stm32cube.ide.mcu.externaltools.gnu-tools-for-stm32.13.3.rel1.win32_1.0.0.202411081344/tools/bin/../lib/gcc/arm-none-eabi/13.3.1/../../../../arm-none-eabi/lib/thumb/v7e-m+dp/hard\libc_nano.a(libc_a-closer.o)
                0x080227e0                _close_r
 .text._lseek_r
                0x08022800       0x24 C:/ST/STM32CubeIDE_1.19.0/STM32CubeIDE/plugins/com.st.stm32cube.ide.mcu.externaltools.gnu-tools-for-stm32.13.3.rel1.win32_1.0.0.202411081344/tools/bin/../lib/gcc/arm-none-eabi/13.3.1/../../../../arm-none-eabi/lib/thumb/v7e-m+dp/hard\libc_nano.a(libc_a-lseekr.o)
                0x08022800                _lseek_r
 .text._read_r  0x08022824       0x24 C:/ST/STM32CubeIDE_1.19.0/STM32CubeIDE/plugins/com.st.stm32cube.ide.mcu.externaltools.gnu-tools-for-stm32.13.3.rel1.win32_1.0.0.202411081344/tools/bin/../lib/gcc/arm-none-eabi/13.3.1/../../../../arm-none-eabi/lib/thumb/v7e-m+dp/hard\libc_nano.a(libc_a-readr.o)
                0x08022824                _read_r
 .text._kill_r  0x08022848       0x24 C:/ST/STM32CubeIDE_1.19.0/STM32CubeIDE/plugins/com.st.stm32cube.ide.mcu.externaltools.gnu-tools-for-stm32.13.3.rel1.win32_1.0.0.202411081344/tools/bin/../lib/gcc/arm-none-eabi/13.3.1/../../../../arm-none-eabi/lib/thumb/v7e-m+dp/hard\libc_nano.a(libc_a-signalr.o)
                0x08022848                _kill_r
 .text._getpid_r
                0x0802286c        0x4 C:/ST/STM32CubeIDE_1.19.0/STM32CubeIDE/plugins/com.st.stm32cube.ide.mcu.externaltools.gnu-tools-for-stm32.13.3.rel1.win32_1.0.0.202411081344/tools/bin/../lib/gcc/arm-none-eabi/13.3.1/../../../../arm-none-eabi/lib/thumb/v7e-m+dp/hard\libc_nano.a(libc_a-signalr.o)
                0x0802286c                _getpid_r
 .text._sbrk_r  0x08022870       0x20 C:/ST/STM32CubeIDE_1.19.0/STM32CubeIDE/plugins/com.st.stm32cube.ide.mcu.externaltools.gnu-tools-for-stm32.13.3.rel1.win32_1.0.0.202411081344/tools/bin/../lib/gcc/arm-none-eabi/13.3.1/../../../../arm-none-eabi/lib/thumb/v7e-m+dp/hard\libc_nano.a(libc_a-sbrkr.o)
                0x08022870                _sbrk_r
 .text._write_r
                0x08022890       0x24 C:/ST/STM32CubeIDE_1.19.0/STM32CubeIDE/plugins/com.st.stm32cube.ide.mcu.externaltools.gnu-tools-for-stm32.13.3.rel1.win32_1.0.0.202411081344/tools/bin/../lib/gcc/arm-none-eabi/13.3.1/../../../../arm-none-eabi/lib/thumb/v7e-m+dp/hard\libc_nano.a(libc_a-writer.o)
                0x08022890                _write_r
 .text.__errno  0x080228b4        0xc C:/ST/STM32CubeIDE_1.19.0/STM32CubeIDE/plugins/com.st.stm32cube.ide.mcu.externaltools.gnu-tools-for-stm32.13.3.rel1.win32_1.0.0.202411081344/tools/bin/../lib/gcc/arm-none-eabi/13.3.1/../../../../arm-none-eabi/lib/thumb/v7e-m+dp/hard\libc_nano.a(libc_a-errno.o)
                0x080228b4                __errno
 .text.__libc_init_array
                0x080228c0       0x48 C:/ST/STM32CubeIDE_1.19.0/STM32CubeIDE/plugins/com.st.stm32cube.ide.mcu.externaltools.gnu-tools-for-stm32.13.3.rel1.win32_1.0.0.202411081344/tools/bin/../lib/gcc/arm-none-eabi/13.3.1/../../../../arm-none-eabi/lib/thumb/v7e-m+dp/hard\libc_nano.a(libc_a-init.o)
                0x080228c0                __libc_init_array
 .text.__retarget_lock_init_recursive
                0x08022908        0x2 C:/ST/STM32CubeIDE_1.19.0/STM32CubeIDE/plugins/com.st.stm32cube.ide.mcu.externaltools.gnu-tools-for-stm32.13.3.rel1.win32_1.0.0.202411081344/tools/bin/../lib/gcc/arm-none-eabi/13.3.1/../../../../arm-none-eabi/lib/thumb/v7e-m+dp/hard\libc_nano.a(libc_a-lock.o)
                0x08022908                __retarget_lock_init_recursive
 .text.__retarget_lock_acquire_recursive
                0x0802290a        0x2 C:/ST/STM32CubeIDE_1.19.0/STM32CubeIDE/plugins/com.st.stm32cube.ide.mcu.externaltools.gnu-tools-for-stm32.13.3.rel1.win32_1.0.0.202411081344/tools/bin/../lib/gcc/arm-none-eabi/13.3.1/../../../../arm-none-eabi/lib/thumb/v7e-m+dp/hard\libc_nano.a(libc_a-lock.o)
                0x0802290a                __retarget_lock_acquire_recursive
 .text.__retarget_lock_release_recursive
                0x0802290c        0x2 C:/ST/STM32CubeIDE_1.19.0/STM32CubeIDE/plugins/com.st.stm32cube.ide.mcu.externaltools.gnu-tools-for-stm32.13.3.rel1.win32_1.0.0.202411081344/tools/bin/../lib/gcc/arm-none-eabi/13.3.1/../../../../arm-none-eabi/lib/thumb/v7e-m+dp/hard\libc_nano.a(libc_a-lock.o)
                0x0802290c                __retarget_lock_release_recursive
 .text.strcpy   0x0802290e       0x10 C:/ST/STM32CubeIDE_1.19.0/STM32CubeIDE/plugins/com.st.stm32cube.ide.mcu.externaltools.gnu-tools-for-stm32.13.3.rel1.win32_1.0.0.202411081344/tools/bin/../lib/gcc/arm-none-eabi/13.3.1/../../../../arm-none-eabi/lib/thumb/v7e-m+dp/hard\libc_nano.a(libc_a-strcpy.o)
                0x0802290e                strcpy