../mongoose/mongoose_impl.c:222:27:get_api_handler	32	static
../mongoose/mongoose_impl.c:238:27:find_handler	24	static
../mongoose/mongoose_impl.c:243:6:mg_json_get_str2	48	static
../mongoose/mongoose_impl.c:251:6:mongoose_set_http_handlers	24	static
../mongoose/mongoose_impl.c:293:6:mongoose_set_auth_handler	16	static
../mongoose/mongoose_impl.c:298:21:authenticate	240	static
../mongoose/mongoose_impl.c:329:13:handle_login	312	static
../mongoose/mongoose_impl.c:340:13:handle_logout	272	static
../mongoose/mongoose_impl.c:356:13:get_file_name_from_uri	72	static
../mongoose/mongoose_impl.c:363:13:do_upload	64	static
../mongoose/mongoose_impl.c:407:13:start_uploads	152	static
../mongoose/mongoose_impl.c:451:13:handle_action	40	static
../mongoose/mongoose_impl.c:468:8:print_struct	64	static
../mongoose/mongoose_impl.c:493:13:populate_struct_from_json	160	static
../mongoose/mongoose_impl.c:516:13:handle_object	48	static
../mongoose/mongoose_impl.c:535:15:print_array	120	static
../mongoose/mongoose_impl.c:561:13:handle_array	80	static
../mongoose/mongoose_impl.c:585:8:print_timeseries	64	static
../mongoose/mongoose_impl.c:597:13:file_ev_handler	560	static
../mongoose/mongoose_impl.c:627:13:handle_file	192	static
../mongoose/mongoose_impl.c:647:13:handle_api_call	40	static
../mongoose/mongoose_impl.c:665:6:glue_update_state	4	static
../mongoose/mongoose_impl.c:669:28:find_custom_handler	32	static
../mongoose/mongoose_impl.c:678:13:http_ev_handler	232	static
../mongoose/mongoose_impl.c:788:6:mongoose_add_ws_reporter	32	static
../mongoose/mongoose_impl.c:806:13:send_websocket_data	616	static
../mongoose/mongoose_impl.c:1062:6:mongoose_add_custom_handler	48	static
../mongoose/mongoose_impl.c:1072:6:mongoose_init	8	static
../mongoose/mongoose_impl.c:1122:6:mongoose_poll	8	static
