../mongoose/mongoose.c:27:12:mg_base64_encode_single	16	static
../mongoose/mongoose.c:39:12:mg_base64_decode_single	16	static
../mongoose/mongoose.c:57:8:mg_base64_update	32	static
../mongoose/mongoose.c:73:8:mg_base64_final	24	static
../mongoose/mongoose.c:84:8:mg_base64_encode	32	static
../mongoose/mongoose.c:93:8:mg_base64_decode	48	static
../mongoose/mongoose.c:140:13:mg_dns_free	24	static
../mongoose/mongoose.c:145:6:mg_resolve_cancel	32	static
../mongoose/mongoose.c:154:15:mg_dns_parse_name_depth	56	static
../mongoose/mongoose.c:191:15:mg_dns_parse_name	40	static
../mongoose/mongoose.c:196:8:mg_dns_parse_rr	40	static
../mongoose/mongoose.c:220:6:mg_dns_parse	64	static
../mongoose/mongoose.c:273:13:dns_cb	352	static
../mongoose/mongoose.c:329:13:mg_dns_send	312	static
../mongoose/mongoose.c:357:6:mg_dnsc_init	16	static
../mongoose/mongoose.c:370:13:mg_sendnsreq	56	static
../mongoose/mongoose.c:393:6:mg_resolve	40	static
../mongoose/mongoose.c:413:13:mdns_cb	720	static
../mongoose/mongoose.c:468:23:mg_mdns_listen	24	static
../mongoose/mongoose.c:485:6:mg_call	24	static
../mongoose/mongoose.c:502:6:mg_error	92	static
../mongoose/mongoose.c:527:6:mg_ota_flash_begin	24	static
../mongoose/mongoose.c:547:6:mg_ota_flash_write	80	dynamic
../mongoose/mongoose.c:568:6:mg_ota_flash_end	40	static
../mongoose/mongoose.c:593:13:is_digit	16	static
../mongoose/mongoose.c:597:12:addexp	32	static
../mongoose/mongoose.c:609:12:xisinf	24	static
../mongoose/mongoose.c:618:12:xisnan	24	static
../mongoose/mongoose.c:628:15:mg_dtoa	136	static
../mongoose/mongoose.c:697:15:mg_lld	64	static
../mongoose/mongoose.c:719:15:scpy	32	static
../mongoose/mongoose.c:726:8:mg_xprintf	24	static
../mongoose/mongoose.c:735:8:mg_vxprintf	176	static
../mongoose/mongoose.c:831:15:mg_fs_open	32	static
../mongoose/mongoose.c:844:6:mg_fs_close	16	static
../mongoose/mongoose.c:851:15:mg_file_read	40	static
../mongoose/mongoose.c:868:6:mg_file_write	144	static
../mongoose/mongoose.c:887:6:mg_file_printf	32	static
../mongoose/mongoose.c:904:13:mg_fs_ls_fn	24	static
../mongoose/mongoose.c:913:6:mg_fs_ls	32	static
../mongoose/mongoose.c:1079:15:mg_unpacked	24	static
../mongoose/mongoose.c:1085:12:is_dir_prefix	24	static
../mongoose/mongoose.c:1091:12:packed_stat	40	static
../mongoose/mongoose.c:1102:13:packed_list	256	static
../mongoose/mongoose.c:1123:14:packed_open	32	static
../mongoose/mongoose.c:1136:13:packed_close	16	static
../mongoose/mongoose.c:1140:15:packed_read	32	static
../mongoose/mongoose.c:1148:15:packed_write	24	static
../mongoose/mongoose.c:1153:15:packed_seek	24	static
../mongoose/mongoose.c:1160:13:packed_rename	16	static
../mongoose/mongoose.c:1165:13:packed_remove	16	static
../mongoose/mongoose.c:1170:13:packed_mkdir	16	static
../mongoose/mongoose.c:1401:12:p_stat	24	static
../mongoose/mongoose.c:1405:13:p_list	24	static
../mongoose/mongoose.c:1409:14:p_open	16	static
../mongoose/mongoose.c:1413:13:p_close	16	static
../mongoose/mongoose.c:1416:15:p_read	24	static
../mongoose/mongoose.c:1420:15:p_write	24	static
../mongoose/mongoose.c:1424:15:p_seek	16	static
../mongoose/mongoose.c:1428:13:p_rename	16	static
../mongoose/mongoose.c:1432:13:p_remove	16	static
../mongoose/mongoose.c:1436:13:p_mkdir	16	static
../mongoose/mongoose.c:1461:12:mg_ncasecmp	40	static
../mongoose/mongoose.c:1473:6:mg_to_size_t	48	static
../mongoose/mongoose.c:1507:8:mg_http_next_multipart	112	static
../mongoose/mongoose.c:1547:6:mg_http_bauth	56	static
../mongoose/mongoose.c:1573:15:mg_http_var	64	static
../mongoose/mongoose.c:1585:5:mg_http_get_var	56	static
../mongoose/mongoose.c:1607:13:isx	16	static
../mongoose/mongoose.c:1612:5:mg_url_decode	48	static
../mongoose/mongoose.c:1634:13:isok	16	static
../mongoose/mongoose.c:1638:5:mg_http_get_request_len	24	static
../mongoose/mongoose.c:1648:16:mg_http_get_header	40	static
../mongoose/mongoose.c:1658:13:vcb	16	static
../mongoose/mongoose.c:1663:15:clen	32	static
../mongoose/mongoose.c:1675:20:skiptorn	24	static
../mongoose/mongoose.c:1684:13:mg_http_parse_headers	48	static
../mongoose/mongoose.c:1708:5:mg_http_parse	80	static
../mongoose/mongoose.c:1793:13:mg_http_vprintf_chunk	32	static
../mongoose/mongoose.c:1806:6:mg_http_printf_chunk	28	static
../mongoose/mongoose.c:1813:6:mg_http_write_chunk	24	static
../mongoose/mongoose.c:1820:20:mg_http_status_code_str	16	static
../mongoose/mongoose.c:1890:6:mg_http_reply	52	static
../mongoose/mongoose.c:1909:13:restore_http_cb	16	static
../mongoose/mongoose.c:1917:7:mg_http_etag	48	static
../mongoose/mongoose.c:1922:13:static_cb	48	static
../mongoose/mongoose.c:1982:22:guess_content_type	88	static
../mongoose/mongoose.c:2006:12:getrange	56	static
../mongoose/mongoose.c:2022:6:mg_http_serve_file	496	static
../mongoose/mongoose.c:2229:12:uri_to_path2	72	static
../mongoose/mongoose.c:2289:12:uri_to_path	120	static
../mongoose/mongoose.c:2304:6:mg_http_serve_dir	160	static
../mongoose/mongoose.c:2324:13:mg_is_url_safe	16	static
../mongoose/mongoose.c:2329:8:mg_url_encode	48	static
../mongoose/mongoose.c:2346:6:mg_http_creds	328	static
../mongoose/mongoose.c:2368:22:stripquotes	24	static
../mongoose/mongoose.c:2374:15:mg_http_get_header_var	56	static
../mongoose/mongoose.c:2391:6:mg_http_upload	280	static
../mongoose/mongoose.c:2435:5:mg_http_status	16	static
../mongoose/mongoose.c:2439:13:is_hex_digit	16	static
../mongoose/mongoose.c:2444:12:skip_chunk	48	static
../mongoose/mongoose.c:2460:13:http_cb	656	static
../mongoose/mongoose.c:2568:23:mg_http_connect	32	static
../mongoose/mongoose.c:2573:23:mg_http_listen	32	static
../mongoose/mongoose.c:2588:15:roundup	16	static
../mongoose/mongoose.c:2592:6:mg_iobuf_resize	56	static
../mongoose/mongoose.c:2619:6:mg_iobuf_init	24	static
../mongoose/mongoose.c:2626:8:mg_iobuf_add	32	static
../mongoose/mongoose.c:2638:8:mg_iobuf_del	24	static
../mongoose/mongoose.c:2647:6:mg_iobuf_free	16	static
../mongoose/mongoose.c:2659:20:escapeseq	16	static
../mongoose/mongoose.c:2663:13:json_esc	32	static
../mongoose/mongoose.c:2671:12:mg_pass_string	24	static
../mongoose/mongoose.c:2685:15:mg_atod	72	static
../mongoose/mongoose.c:2732:8:mg_json_next	64	static
../mongoose/mongoose.c:2780:5:mg_json_get	120	static
../mongoose/mongoose.c:2923:15:mg_json_get_tok	32	static
../mongoose/mongoose.c:2929:6:mg_json_get_num	48	static
../mongoose/mongoose.c:2939:6:mg_json_get_bool	40	static
../mongoose/mongoose.c:2948:6:mg_json_unescape	64	static
../mongoose/mongoose.c:2973:7:mg_json_get_str	48	static
../mongoose/mongoose.c:2987:7:mg_json_get_b64	48	static
../mongoose/mongoose.c:2999:7:mg_json_get_hex	64	static
../mongoose/mongoose.c:3015:6:mg_json_get_long	48	static
../mongoose/mongoose.c:3034:6:mg_log_set_fn	16	static
../mongoose/mongoose.c:3039:13:logc	16	static
../mongoose/mongoose.c:3043:13:logs	24	static
../mongoose/mongoose.c:3051:6:mg_log_prefix	112	static
../mongoose/mongoose.c:3063:6:mg_log	16	static
../mongoose/mongoose.c:3072:22:nibble	16	static
../mongoose/mongoose.c:3077:6:mg_hexdump	48	static
../mongoose/mongoose.c:3121:13:mg_byte_reverse	24	static
../mongoose/mongoose.c:3146:6:mg_md5_init	16	static
../mongoose/mongoose.c:3156:13:mg_md5_transform	32	static
../mongoose/mongoose.c:3238:6:mg_md5_update	32	static
../mongoose/mongoose.c:3273:6:mg_md5_final	32	static
../mongoose/mongoose.c:3355:13:mqtt_send_header	40	static
../mongoose/mongoose.c:3368:6:mg_mqtt_send_header	24	static
../mongoose/mongoose.c:3373:13:mg_send_u16	16	static
../mongoose/mongoose.c:3377:13:mg_send_u32	16	static
../mongoose/mongoose.c:3381:16:varint_size	24	static
../mongoose/mongoose.c:3390:15:encode_varint	24	static
../mongoose/mongoose.c:3403:15:decode_varint	40	static
../mongoose/mongoose.c:3418:12:mqtt_prop_type_by_id	24	static
../mongoose/mongoose.c:3428:15:get_properties_length	24	static
../mongoose/mongoose.c:3465:15:get_props_size	24	static
../mongoose/mongoose.c:3471:13:mg_send_mqtt_properties	48	static
../mongoose/mongoose.c:3517:8:mg_mqtt_next_prop	40	static
../mongoose/mongoose.c:3571:6:mg_mqtt_login	64	static
../mongoose/mongoose.c:3644:10:mg_mqtt_pub	48	static
../mongoose/mongoose.c:3681:6:mg_mqtt_sub	32	static
../mongoose/mongoose.c:3702:5:mg_mqtt_parse	48	static
../mongoose/mongoose.c:3773:13:mqtt_cb	120	static
../mongoose/mongoose.c:3852:6:mg_mqtt_ping	16	static
../mongoose/mongoose.c:3856:6:mg_mqtt_pong	16	static
../mongoose/mongoose.c:3860:6:mg_mqtt_disconnect	24	static
../mongoose/mongoose.c:3877:23:mg_mqtt_connect	104	static
../mongoose/mongoose.c:3890:23:mg_mqtt_listen	32	static
../mongoose/mongoose.c:3909:8:mg_vprintf	40	static
../mongoose/mongoose.c:3921:8:mg_printf	28	static
../mongoose/mongoose.c:3930:13:mg_atonl	40	static
../mongoose/mongoose.c:3938:13:mg_atone	24	static
../mongoose/mongoose.c:3945:13:mg_aton4	40	static
../mongoose/mongoose.c:3966:13:mg_v4mapped	40	static
../mongoose/mongoose.c:3984:13:mg_aton6	72	static
../mongoose/mongoose.c:4026:6:mg_aton	24	static
../mongoose/mongoose.c:4032:23:mg_alloc_conn	24	static
../mongoose/mongoose.c:4044:6:mg_close_conn	24	static
../mongoose/mongoose.c:4064:23:mg_connect_svc	32	static
../mongoose/mongoose.c:4089:23:mg_connect	32	static
../mongoose/mongoose.c:4094:23:mg_listen	32	static
../mongoose/mongoose.c:4117:23:mg_wrapfd	32	static
../mongoose/mongoose.c:4131:18:mg_timer_add	48	static
../mongoose/mongoose.c:4141:6:mg_io_recv	24	static
../mongoose/mongoose.c:4149:6:mg_mgr_free	32	static
../mongoose/mongoose.c:4169:6:mg_mgr_init	16	static
../mongoose/mongoose.c:4382:13:mg_tcpip_call	24	static
../mongoose/mongoose.c:4400:13:mkpay	32	static
../mongoose/mongoose.c:4405:17:csumup	32	static
../mongoose/mongoose.c:4412:17:csumfin	16	static
../mongoose/mongoose.c:4417:17:ipcsum	24	static
../mongoose/mongoose.c:4477:13:settmout	56	static
../mongoose/mongoose.c:4491:15:ether_output	24	static
../mongoose/mongoose.c:4497:6:mg_tcpip_arp_request	32	static
../mongoose/mongoose.c:4512:13:onstatechange	16	static
../mongoose/mongoose.c:4528:19:tx_ip	32	static
../mongoose/mongoose.c:4555:13:tx_udp	48	static
../mongoose/mongoose.c:4599:13:tx_udp4	80	static
../mongoose/mongoose.c:4612:13:tx_dhcp	336	static
../mongoose/mongoose.c:4629:13:tx_dhcp_request_sel	104	static
../mongoose/mongoose.c:4655:13:tx_dhcp_request_re	48	static
../mongoose/mongoose.c:4665:13:tx_dhcp_discover	40	static
../mongoose/mongoose.c:4675:30:getpeer	32	static
../mongoose/mongoose.c:4699:13:rx_arp	48	static
../mongoose/mongoose.c:4741:13:rx_icmp	48	static
../mongoose/mongoose.c:4760:13:rx_dhcp_client	96	static
../mongoose/mongoose.c:4823:13:rx_dhcp_server	384	static
../mongoose/mongoose.c:5132:13:rx_udp	24	static
../mongoose/mongoose.c:5161:15:tx_tcp	96	static
../mongoose/mongoose.c:5231:15:tx_tcp_ctrlresp	104	static
../mongoose/mongoose.c:5252:15:tx_tcp_rst	24	static
../mongoose/mongoose.c:5257:30:accept_conn	32	static
../mongoose/mongoose.c:5300:15:trim_len	48	static
../mongoose/mongoose.c:5330:13:udp_send	64	static
../mongoose/mongoose.c:5348:6:mg_io_send	80	static
../mongoose/mongoose.c:5371:13:handle_tls_recv	32	static
../mongoose/mongoose.c:5391:13:read_conn	88	static
../mongoose/mongoose.c:5485:12:backlog_insert	24	static
../mongoose/mongoose.c:5498:27:backlog_retrieve	24	static
../mongoose/mongoose.c:5507:13:backlog_remove	24	static
../mongoose/mongoose.c:5512:13:backlog_maintain	24	static
../mongoose/mongoose.c:5522:13:backlog_poll	24	static
../mongoose/mongoose.c:5530:13:handle_opt	40	static
../mongoose/mongoose.c:5548:13:rx_tcp	104	static
../mongoose/mongoose.c:5621:13:rx_ip	64	static
../mongoose/mongoose.c:5782:13:mg_tcpip_rx	96	static
../mongoose/mongoose.c:5818:13:mg_ip_poll	24	static
../mongoose/mongoose.c:5837:13:mg_ip_link	24	static
../mongoose/mongoose.c:5877:13:mg_tcpip_poll	88	static
../mongoose/mongoose.c:5982:6:mg_tcpip_qwrite	32	static
../mongoose/mongoose.c:5993:6:mg_tcpip_init	24	static
../mongoose/mongoose.c:6039:6:mg_tcpip_free	16	static
../mongoose/mongoose.c:6045:13:send_syn	56	static
../mongoose/mongoose.c:6051:13:mac_resolved	16	static
../mongoose/mongoose.c:6061:13:ip4_mcastmac	24	static
../mongoose/mongoose.c:6068:6:mg_connect_resolved	48	static
../mongoose/mongoose.c:6143:6:mg_open_listener	24	static
../mongoose/mongoose.c:6152:13:write_conn	24	static
../mongoose/mongoose.c:6164:13:init_closure	64	static
../mongoose/mongoose.c:6174:13:close_conn	24	static
../mongoose/mongoose.c:6180:13:can_write	16	static
../mongoose/mongoose.c:6185:6:mg_mgr_poll	96	static
../mongoose/mongoose.c:6218:6:mg_send	32	static
../mongoose/mongoose.c:6242:6:mg_multicast_add	16	static
../mongoose/mongoose.c:6250:13:setdns4	24	static
../mongoose/mongoose.c:7843:15:flash_size	4	static
../mongoose/mongoose.c:7847:20:is_dualbank	4	static
../mongoose/mongoose.c:7852:21:flash_unlock	4	static
../mongoose/mongoose.c:7864:21:flash_page_start	32	static
../mongoose/mongoose.c:7890:20:flash_sector	40	static
../mongoose/mongoose.c:7919:21:flash_is_err	4	static
../mongoose/mongoose.c:7923:21:flash_wait	4	static
../mongoose/mongoose.c:7927:21:flash_clear_err	8	static
../mongoose/mongoose.c:7932:21:mg_stm32f_erase	40	static
../mongoose/mongoose.c:7964:21:mg_stm32f_swap	4	static
../mongoose/mongoose.c:7973:21:mg_stm32f_write	48	static,ignoring_inline_asm
../mongoose/mongoose.c:8004:14:single_bank_swap	24	static
../mongoose/mongoose.c:8010:6:mg_ota_begin	16	static
../mongoose/mongoose.c:8019:6:mg_ota_write	16	static
../mongoose/mongoose.c:8023:6:mg_ota_end	24	static
../mongoose/mongoose.c:8431:8:mg_queue_printf	36	static
../mongoose/mongoose.c:8447:13:mg_pfn_iobuf_private	24	static
../mongoose/mongoose.c:8458:13:mg_putchar_iobuf_static	16	static
../mongoose/mongoose.c:8462:6:mg_pfn_iobuf	16	static
../mongoose/mongoose.c:8466:8:mg_vsnprintf	48	static
../mongoose/mongoose.c:8473:8:mg_snprintf	24	static
../mongoose/mongoose.c:8482:7:mg_vmprintf	32	static
../mongoose/mongoose.c:8488:7:mg_mprintf	16	static
../mongoose/mongoose.c:8497:6:mg_pfn_stdout	16	static
../mongoose/mongoose.c:8502:15:print_ip4	40	static
../mongoose/mongoose.c:8506:15:print_ip6	80	static
../mongoose/mongoose.c:8513:8:mg_print_ip4	32	static
../mongoose/mongoose.c:8518:8:mg_print_ip6	32	static
../mongoose/mongoose.c:8523:8:mg_print_ip	32	static
../mongoose/mongoose.c:8529:8:mg_print_ip_port	40	static
../mongoose/mongoose.c:8534:8:mg_print_mac	64	static
../mongoose/mongoose.c:8540:13:mg_esc	32	static
../mongoose/mongoose.c:8548:13:mg_escape	16	static
../mongoose/mongoose.c:8552:15:qcpy	40	static
../mongoose/mongoose.c:8566:15:bcpy	48	static
../mongoose/mongoose.c:8583:8:mg_print_hex	40	static
../mongoose/mongoose.c:8594:8:mg_print_base64	32	static
../mongoose/mongoose.c:8600:8:mg_print_esc	32	static
../mongoose/mongoose.c:8636:6:mg_queue_init	24	static
../mongoose/mongoose.c:8642:15:mg_queue_read_len	24	static
../mongoose/mongoose.c:8650:13:mg_queue_write_len	24	static
../mongoose/mongoose.c:8656:8:mg_queue_book	32	static
../mongoose/mongoose.c:8669:8:mg_queue_next	24	static
../mongoose/mongoose.c:8683:6:mg_queue_add	16	static
../mongoose/mongoose.c:8690:6:mg_queue_del	16	static
../mongoose/mongoose.c:8702:6:mg_rpc_add	48	static
../mongoose/mongoose.c:8713:6:mg_rpc_del	24	static
../mongoose/mongoose.c:8726:13:mg_rpc_call	40	static
../mongoose/mongoose.c:8737:6:mg_rpc_process	48	static
../mongoose/mongoose.c:8751:6:mg_rpc_vok	72	static
../mongoose/mongoose.c:8761:6:mg_rpc_ok	28	static
../mongoose/mongoose.c:8768:6:mg_rpc_verr	80	static
../mongoose/mongoose.c:8781:6:mg_rpc_err	24	static
../mongoose/mongoose.c:8788:15:print_methods	56	static
../mongoose/mongoose.c:8799:6:mg_rpc_list	16	static
../mongoose/mongoose.c:8818:17:blk0	16	static
../mongoose/mongoose.c:8855:13:mg_sha1_transform	112	static
../mongoose/mongoose.c:8962:6:mg_sha1_init	16	static
../mongoose/mongoose.c:8971:6:mg_sha1_update	32	static
../mongoose/mongoose.c:8991:6:mg_sha1_final	32	static
../mongoose/mongoose.c:9047:6:mg_sha256_init	16	static
../mongoose/mongoose.c:9060:13:mg_sha256_chunk	320	static
../mongoose/mongoose.c:9104:6:mg_sha256_update	40	static
../mongoose/mongoose.c:9118:6:mg_sha256_final	40	static
../mongoose/mongoose.c:9157:6:mg_sha256	136	static
../mongoose/mongoose.c:9164:6:mg_hmac_sha256	344	static
../mongoose/mongoose.c:9228:13:mg_sha384_transform	1224	static
../mongoose/mongoose.c:9273:6:mg_sha384_init	16	static
../mongoose/mongoose.c:9287:6:mg_sha384_update	48	static
../mongoose/mongoose.c:9301:6:mg_sha384_final	56	static
../mongoose/mongoose.c:9346:6:mg_sha384	240	static
../mongoose/mongoose.c:9367:10:mg_now	16	static
../mongoose/mongoose.c:9371:16:gettimestamp	56	static
../mongoose/mongoose.c:9377:9:mg_sntp_parse	120	static
../mongoose/mongoose.c:9402:13:sntp_cb	56	static
../mongoose/mongoose.c:9424:6:mg_sntp_request	96	static
../mongoose/mongoose.c:9439:23:mg_sntp_connect	32	static
../mongoose/mongoose.c:10324:6:mg_http_serve_ssi	24	static
../mongoose/mongoose.c:10337:15:mg_str_s	24	static
../mongoose/mongoose.c:10342:15:mg_str_n	32	static
../mongoose/mongoose.c:10347:12:mg_tolc	16	static
../mongoose/mongoose.c:10351:5:mg_casecmp	32	static
../mongoose/mongoose.c:10360:15:mg_strdup	40	static
../mongoose/mongoose.c:10374:5:mg_strcmp	40	static
../mongoose/mongoose.c:10388:5:mg_strcasecmp	48	static
../mongoose/mongoose.c:10402:6:mg_match	40	static
../mongoose/mongoose.c:10436:6:mg_span	48	static
../mongoose/mongoose.c:10449:6:mg_str_to_num	184	static
../mongoose/mongoose.c:10526:6:mg_timer_init	24	static
../mongoose/mongoose.c:10533:6:mg_timer_free	16	static
../mongoose/mongoose.c:10539:6:mg_timer_expired	56	static
../mongoose/mongoose.c:10547:6:mg_timer_poll	56	static
../mongoose/mongoose.c:10875:6:aes_init_keygen_tables	2072	static
../mongoose/mongoose.c:10947:12:aes_set_encryption_key	32	static
../mongoose/mongoose.c:11025:12:aes_set_decryption_key	328	static
../mongoose/mongoose.c:11062:12:aes_setkey	24	static
../mongoose/mongoose.c:11108:12:aes_cipher	64	static
../mongoose/mongoose.c:11304:5:mg_gcm_initialize	8	static
../mongoose/mongoose.c:11318:13:gcm_mult	128	static
../mongoose/mongoose.c:11364:12:gcm_setkey	192	static
../mongoose/mongoose.c:11437:5:gcm_start	64	static
../mongoose/mongoose.c:11505:5:gcm_update	72	static
../mongoose/mongoose.c:11569:5:gcm_finish	64	static
../mongoose/mongoose.c:11612:5:gcm_crypt_and_tag	32	static
../mongoose/mongoose.c:11644:6:gcm_zero_ctx	16	static
../mongoose/mongoose.c:11656:5:mg_aes_gcm_encrypt	688	static
../mongoose/mongoose.c:11675:5:mg_aes_gcm_decrypt	696	static
../mongoose/mongoose.c:11837:13:mg_tls_hexdump	32	static
../mongoose/mongoose.c:11848:12:mg_der_parse	40	static
../mongoose/mongoose.c:11868:12:mg_der_next	24	static
../mongoose/mongoose.c:11878:12:mg_der_find_oid	64	static
../mongoose/mongoose.c:11910:12:mg_der_to_tlv	32	static
../mongoose/mongoose.c:11932:13:mg_tls_got_record	16	static
../mongoose/mongoose.c:11939:13:mg_tls_drop_record	24	static
../mongoose/mongoose.c:11947:13:mg_tls_drop_message	32	static
../mongoose/mongoose.c:11966:13:mg_tls_derive_secret	336	static
../mongoose/mongoose.c:11984:13:mg_tls_generate_handshake_keys	312	static
../mongoose/mongoose.c:12050:13:mg_tls_generate_application_keys	312	static
../mongoose/mongoose.c:12101:13:mg_tls_encrypt	112	static
../mongoose/mongoose.c:12166:12:mg_tls_recv_record	80	static
../mongoose/mongoose.c:12241:13:mg_tls_calc_cert_verify_hash	328	static
../mongoose/mongoose.c:12265:12:mg_tls_server_recv_hello	56	static
../mongoose/mongoose.c:12338:13:mg_tls_server_send_hello	224	static
../mongoose/mongoose.c:12391:13:mg_tls_server_send_ext	32	static
../mongoose/mongoose.c:12405:13:mg_tls_server_send_cert_request	56	static
../mongoose/mongoose.c:12422:13:mg_tls_send_cert	40	static
../mongoose/mongoose.c:12458:13:init_SHA256	24	static
../mongoose/mongoose.c:12463:13:update_SHA256	32	static
../mongoose/mongoose.c:12468:13:finish_SHA256	24	static
../mongoose/mongoose.c:12474:13:mg_tls_send_cert_verify	496	static
../mongoose/mongoose.c:12511:13:mg_tls_server_send_finish	216	static
../mongoose/mongoose.c:12525:12:mg_tls_server_recv_finish	136	static
../mongoose/mongoose.c:12547:13:mg_tls_client_send_hello	280	static
../mongoose/mongoose.c:12653:12:mg_tls_client_recv_hello	48	static
../mongoose/mongoose.c:12715:12:mg_tls_client_recv_ext	24	static
../mongoose/mongoose.c:12740:13:mg_der_debug_cert_name	120	static
../mongoose/mongoose.c:12756:12:mg_tls_parse_cert_der	200	static
../mongoose/mongoose.c:12898:12:mg_tls_verify_cert_san	88	static
../mongoose/mongoose.c:12929:12:mg_tls_verify_cert_signature	384	static
../mongoose/mongoose.c:12977:12:mg_tls_verify_cert_cn	56	static
../mongoose/mongoose.c:12987:12:mg_tls_recv_cert	896	static
../mongoose/mongoose.c:13107:12:mg_tls_recv_cert_verify	640	static
../mongoose/mongoose.c:13210:12:mg_tls_client_recv_finish	24	static
../mongoose/mongoose.c:13225:13:mg_tls_client_send_finish	216	static
../mongoose/mongoose.c:13236:13:mg_tls_client_handshake	216	static
../mongoose/mongoose.c:13286:13:mg_tls_server_handshake	216	static
../mongoose/mongoose.c:13332:6:mg_tls_handshake	32	static
../mongoose/mongoose.c:13354:12:mg_parse_pem	120	static
../mongoose/mongoose.c:13387:6:mg_tls_init	72	static
../mongoose/mongoose.c:13464:6:mg_tls_free	24	static
../mongoose/mongoose.c:13475:6:mg_tls_send	64	static
../mongoose/mongoose.c:13498:6:mg_tls_recv	40	static
../mongoose/mongoose.c:13526:8:mg_tls_pending	24	static
../mongoose/mongoose.c:13531:6:mg_tls_flush	24	static
../mongoose/mongoose.c:13540:6:mg_tls_ctx_init	16	static
../mongoose/mongoose.c:13544:6:mg_tls_ctx_free	16	static
../mongoose/mongoose.c:13654:13:initialize_state	24	static
../mongoose/mongoose.c:13706:13:core_block	88	static
../mongoose/mongoose.c:13754:13:xor_block	40	static
../mongoose/mongoose.c:13781:13:chacha20_xor_stream	176	static
../mongoose/mongoose.c:13819:13:rfc8439_keygen	152	static
../mongoose/mongoose.c:14259:22:U8TO32	16	static
../mongoose/mongoose.c:14268:13:U32TO8	16	static
../mongoose/mongoose.c:14275:13:poly1305_init	24	static
../mongoose/mongoose.c:14302:13:poly1305_blocks	960	static
../mongoose/mongoose.c:14379:31:poly1305_finish	200	static
../mongoose/mongoose.c:14761:13:poly1305_update	40	static
../mongoose/mongoose.c:14801:32:pad_if_needed	24	static
../mongoose/mongoose.c:14812:32:write_64bit_int	32	static
../mongoose/mongoose.c:14826:32:poly1305_calculate_mac	216	static
../mongoose/mongoose.c:14865:27:mg_chacha20_poly1305_encrypt	48	static
../mongoose/mongoose.c:14880:27:mg_chacha20_poly1305_decrypt	40	static
../mongoose/mongoose.c:15804:21:bi_initialize	16	static
../mongoose/mongoose.c:15823:18:bi_terminate	16	static
../mongoose/mongoose.c:15841:18:bi_clear_cache	24	static
../mongoose/mongoose.c:15862:21:bi_copy	16	static
../mongoose/mongoose.c:15874:18:bi_permanent	16	static
../mongoose/mongoose.c:15890:18:bi_depermanent	16	static
../mongoose/mongoose.c:15909:18:bi_free	16	static
../mongoose/mongoose.c:15939:21:int_to_bi	24	static
../mongoose/mongoose.c:15950:21:bi_clone	24	static
../mongoose/mongoose.c:15964:21:bi_add	56	static
../mongoose/mongoose.c:16001:21:bi_subtract	56	static
../mongoose/mongoose.c:16034:16:bi_int_multiply	112	static
../mongoose/mongoose.c:16068:21:bi_divide	160	static
../mongoose/mongoose.c:16176:16:bi_int_divide	72	static
../mongoose/mongoose.c:16280:21:bi_import	40	static
../mongoose/mongoose.c:16357:18:bi_export	48	static
../mongoose/mongoose.c:16392:18:bi_set_mod	40	static
../mongoose/mongoose.c:16430:6:bi_free_mod	16	static
../mongoose/mongoose.c:16453:16:regular_multiply	128	static
../mongoose/mongoose.c:16556:21:bi_multiply	32	static
../mongoose/mongoose.c:16645:17:bi_compare	32	static
../mongoose/mongoose.c:16681:13:more_comps	24	static
../mongoose/mongoose.c:16702:16:alloc	24	static
../mongoose/mongoose.c:16737:12:find_max_exp_index	32	static
../mongoose/mongoose.c:16759:12:exp_bit_is_one	32	static
../mongoose/mongoose.c:16796:16:trim	16	static
../mongoose/mongoose.c:16937:21:bi_mod_power	56	static
../mongoose/mongoose.c:17069:5:mg_rsa_mod_pow	48	static
../mongoose/mongoose.c:17306:6:mg_uecc_set_rng	16	static
../mongoose/mongoose.c:17310:22:mg_uecc_get_rng	4	static
../mongoose/mongoose.c:17314:5:mg_uecc_curve_private_key_size	16	static
../mongoose/mongoose.c:17318:5:mg_uecc_curve_public_key_size	16	static
../mongoose/mongoose.c:17323:22:mg_uecc_vli_clear	24	static
../mongoose/mongoose.c:17334:32:mg_uecc_vli_isZero	24	static
../mongoose/mongoose.c:17345:32:mg_uecc_vli_testBit	16	static
../mongoose/mongoose.c:17352:20:vli_numDigits	24	static
../mongoose/mongoose.c:17364:28:mg_uecc_vli_numBits	32	static
../mongoose/mongoose.c:17385:22:mg_uecc_vli_set	32	static
../mongoose/mongoose.c:17396:20:mg_uecc_vli_cmp_unsafe	32	static
../mongoose/mongoose.c:17412:32:mg_uecc_vli_equal	32	static
../mongoose/mongoose.c:17429:29:mg_uecc_vli_cmp	64	static
../mongoose/mongoose.c:17440:22:mg_uecc_vli_rshift1	32	static
../mongoose/mongoose.c:17456:32:mg_uecc_vli_add	40	static
../mongoose/mongoose.c:17475:32:mg_uecc_vli_sub	40	static
../mongoose/mongoose.c:17495:13:muladd	96	static
../mongoose/mongoose.c:17534:22:mg_uecc_vli_mult	56	static
../mongoose/mongoose.c:17655:22:mg_uecc_vli_modAdd	32	static
../mongoose/mongoose.c:17671:22:mg_uecc_vli_modSub	32	static
../mongoose/mongoose.c:17686:22:mg_uecc_vli_mmod	192	static
../mongoose/mongoose.c:17732:22:mg_uecc_vli_modMult	88	static
../mongoose/mongoose.c:17742:22:mg_uecc_vli_modMult_fast	88	static
../mongoose/mongoose.c:17792:22:mg_uecc_vli_modSquare_fast	24	static
../mongoose/mongoose.c:17801:13:vli_modInv_update	32	static
../mongoose/mongoose.c:17815:22:mg_uecc_vli_modInv	160	static
../mongoose/mongoose.c:17912:13:double_jacobian_default	104	static
../mongoose/mongoose.c:17961:13:x_side_default	72	static
../mongoose/mongoose.c:17978:13:mod_sqrt_default	88	static
../mongoose/mongoose.c:18743:15:mg_uecc_secp256r1	4	static
../mongoose/mongoose.c:18997:13:vli_mmod_fast_secp256r1	56	static
../mongoose/mongoose.c:19393:13:apply_z	56	static
../mongoose/mongoose.c:19404:13:XYcZ_initial_double	72	static
../mongoose/mongoose.c:19429:13:XYcZ_add	72	static
../mongoose/mongoose.c:19457:13:XYcZ_addC	144	static
../mongoose/mongoose.c:19497:13:EccPoint_mult	208	static
../mongoose/mongoose.c:19541:23:regularize_k	32	static
../mongoose/mongoose.c:19556:21:mg_uecc_generate_random_int	40	static
../mongoose/mongoose.c:19582:23:EccPoint_compute_public_key	112	static
../mongoose/mongoose.c:19630:22:mg_uecc_vli_nativeToBytes	32	static
../mongoose/mongoose.c:19640:22:mg_uecc_vli_bytesToNative	32	static
../mongoose/mongoose.c:19656:5:mg_uecc_make_key	128	static
../mongoose/mongoose.c:19687:5:mg_uecc_shared_secret	192	static
../mongoose/mongoose.c:19734:6:mg_uecc_compress	32	static
../mongoose/mongoose.c:19747:6:mg_uecc_decompress	96	static
../mongoose/mongoose.c:19774:21:mg_uecc_valid_point	88	static
../mongoose/mongoose.c:19798:5:mg_uecc_valid_public_key	80	static
../mongoose/mongoose.c:19813:5:mg_uecc_compute_public_key	120	static
../mongoose/mongoose.c:19853:13:bits2int	48	static
../mongoose/mongoose.c:19890:12:mg_uecc_sign_with_k_internal	192	static
../mongoose/mongoose.c:19987:5:mg_uecc_sign	72	static
../mongoose/mongoose.c:20008:13:HMAC_init	24	static
../mongoose/mongoose.c:20019:13:HMAC_update	24	static
../mongoose/mongoose.c:20024:13:HMAC_finish	32	static
../mongoose/mongoose.c:20040:13:update_V	24	static
../mongoose/mongoose.c:20055:5:mg_uecc_sign_deterministic	96	static
../mongoose/mongoose.c:20128:19:smax	16	static
../mongoose/mongoose.c:20132:5:mg_uecc_verify	520	static
../mongoose/mongoose.c:20340:15:umaal	88	static
../mongoose/mongoose.c:20347:15:adc	72	static
../mongoose/mongoose.c:20353:15:adc0	40	static
../mongoose/mongoose.c:20363:13:propagate	32	static
../mongoose/mongoose.c:20375:13:add	40	static
../mongoose/mongoose.c:20384:13:sub	72	static
../mongoose/mongoose.c:20397:13:mul	120	static
../mongoose/mongoose.c:20420:13:sqr	16	static
../mongoose/mongoose.c:20423:13:mul1	16	static
../mongoose/mongoose.c:20426:13:sqr1	16	static
../mongoose/mongoose.c:20430:13:condswap	32	static
../mongoose/mongoose.c:20443:15:canon	80	static
../mongoose/mongoose.c:20474:13:ladder_part1	40	static
../mongoose/mongoose.c:20491:13:ladder_part2	40	static
../mongoose/mongoose.c:20501:13:x25519_core	88	static
../mongoose/mongoose.c:20535:5:mg_tls_x25519	256	static
../mongoose/mongoose.c:20589:5:mg_url_is_ssl	16	static
../mongoose/mongoose.c:20595:19:urlparse	56	static
../mongoose/mongoose.c:20623:15:mg_url_host	56	static
../mongoose/mongoose.c:20632:13:mg_url_uri	48	static
../mongoose/mongoose.c:20637:16:mg_url_port	48	static
../mongoose/mongoose.c:20649:15:mg_url_user	64	static
../mongoose/mongoose.c:20659:15:mg_url_pass	64	static
../mongoose/mongoose.c:20677:6:mg_bzero	16	static
../mongoose/mongoose.c:20741:7:mg_random_str	24	static
../mongoose/mongoose.c:20754:10:mg_crc32	32	static
../mongoose/mongoose.c:20769:12:isbyte	16	static
../mongoose/mongoose.c:20773:12:parse_net	72	static
../mongoose/mongoose.c:20787:5:mg_check_ip_acl	56	static
../mongoose/mongoose.c:20805:6:mg_path_is_sane	24	static
../mongoose/mongoose.c:20870:10:mg_ntohs	16	static
../mongoose/mongoose.c:20874:10:mg_ntohl	16	static
../mongoose/mongoose.c:20878:10:mg_ntohll	144	static
../mongoose/mongoose.c:20882:6:mg_delayms	48	static
../mongoose/mongoose.c:20890:7:mg_calloc	16	static
../mongoose/mongoose.c:20894:6:mg_free	16	static
../mongoose/mongoose.c:20910:6:mg_wifi_scan	8	static
../mongoose/mongoose.c:20915:6:mg_wifi_connect	16	static
../mongoose/mongoose.c:20920:6:mg_wifi_disconnect	8	static
../mongoose/mongoose.c:20924:6:mg_wifi_ap_start	16	static
../mongoose/mongoose.c:20929:6:mg_wifi_ap_stop	8	static
../mongoose/mongoose.c:20955:8:mg_ws_vprintf	32	static
../mongoose/mongoose.c:20963:8:mg_ws_printf	24	static
../mongoose/mongoose.c:20972:13:ws_handshake	176	static
../mongoose/mongoose.c:20998:17:be32	16	static
../mongoose/mongoose.c:21003:15:ws_process	56	static
../mongoose/mongoose.c:21033:15:mkhdr	48	static
../mongoose/mongoose.c:21061:13:mg_ws_mask	32	static
../mongoose/mongoose.c:21069:8:mg_ws_send	48	static
../mongoose/mongoose.c:21080:13:mg_ws_client_handshake	560	static
../mongoose/mongoose.c:21103:13:mg_ws_cb	72	static
../mongoose/mongoose.c:21172:23:mg_ws_connect	112	static
../mongoose/mongoose.c:21202:6:mg_ws_upgrade	40	static
../mongoose/mongoose.c:21222:8:mg_ws_wrap	48	static
../mongoose/mongoose.c:23143:20:mg_phy_id_to_str	16	static
../mongoose/mongoose.c:23169:6:mg_phy_init	32	static
../mongoose/mongoose.c:23220:6:mg_phy_up	48	static
../mongoose/mongoose.c:24716:17:eth_read_phy	16	static
../mongoose/mongoose.c:24724:13:eth_write_phy	16	static
../mongoose/mongoose.c:24732:17:get_hclk	80	static
../mongoose/mongoose.c:24766:12:guess_mdc_cr	40	static
../mongoose/mongoose.c:24786:13:mg_tcpip_driver_stm32f_init	48	static
../mongoose/mongoose.c:24840:15:mg_tcpip_driver_stm32f_tx	24	static,ignoring_inline_asm
../mongoose/mongoose.c:24863:13:mg_tcpip_driver_stm32f_update_hash_table	16	static
../mongoose/mongoose.c:24873:13:mg_tcpip_driver_stm32f_poll	40	static
../mongoose/mongoose.c:24904:6:ETH_IRQHandler	16	static
